Archive member included to satisfy reference by file (symbol)

app/libapp.a(main.c.obj)      (--whole-archive)
app/libapp.a(gps_config.c.obj)
                              (--whole-archive)
app/libapp.a(data_handler.c.obj)
                              (--whole-archive)
app/libapp.a(command_parser.c.obj)
                              (--whole-archive)
app/libapp.a(mpu6050_wrapper.c.obj)
                              (--whole-archive)
app/libapp.a(ht1621.c.obj)    (--whole-archive)
app/libapp.a(hmc5883l.c.obj)  (--whole-archive)
zephyr/libzephyr.a(validate_libc.c.obj)
                              (--whole-archive)
zephyr/libzephyr.a(hash_func32_djb2.c.obj)
                              (--whole-archive)
zephyr/libzephyr.a(hash_func32_murmur3.c.obj)
                              (--whole-archive)
zephyr/libzephyr.a(heap.c.obj)
                              (--whole-archive)
zephyr/libzephyr.a(cbprintf_packaged.c.obj)
                              (--whole-archive)
zephyr/libzephyr.a(clock.c.obj)
                              (--whole-archive)
zephyr/libzephyr.a(printk.c.obj)
                              (--whole-archive)
zephyr/libzephyr.a(sem.c.obj)
                              (--whole-archive)
zephyr/libzephyr.a(thread_entry.c.obj)
                              (--whole-archive)
zephyr/libzephyr.a(cbprintf_complete.c.obj)
                              (--whole-archive)
zephyr/libzephyr.a(cbprintf.c.obj)
                              (--whole-archive)
zephyr/libzephyr.a(assert.c.obj)
                              (--whole-archive)
zephyr/libzephyr.a(dec.c.obj)
                              (--whole-archive)
zephyr/libzephyr.a(hex.c.obj)
                              (--whole-archive)
zephyr/libzephyr.a(rb.c.obj)  (--whole-archive)
zephyr/libzephyr.a(timeutil.c.obj)
                              (--whole-archive)
zephyr/libzephyr.a(bitarray.c.obj)
                              (--whole-archive)
zephyr/libzephyr.a(bitmask.c.obj)
                              (--whole-archive)
zephyr/libzephyr.a(getopt.c.obj)
                              (--whole-archive)
zephyr/libzephyr.a(getopt_common.c.obj)
                              (--whole-archive)
zephyr/libzephyr.a(ring_buffer.c.obj)
                              (--whole-archive)
zephyr/libzephyr.a(last_section_id.c.obj)
                              (--whole-archive)
zephyr/libzephyr.a(configs.c.obj)
                              (--whole-archive)
zephyr/libzephyr.a(stm32cube_hal.c.obj)
                              (--whole-archive)
zephyr/libzephyr.a(soc_config.c.obj)
                              (--whole-archive)
zephyr/libzephyr.a(stm32_backup_domain.c.obj)
                              (--whole-archive)
zephyr/libzephyr.a(soc.c.obj)
                              (--whole-archive)
zephyr/libzephyr.a(log_core.c.obj)
                              (--whole-archive)
zephyr/libzephyr.a(log_mgmt.c.obj)
                              (--whole-archive)
zephyr/libzephyr.a(log_cache.c.obj)
                              (--whole-archive)
zephyr/libzephyr.a(log_msg.c.obj)
                              (--whole-archive)
zephyr/libzephyr.a(log_output.c.obj)
                              (--whole-archive)
zephyr/libzephyr.a(log_backend_uart.c.obj)
                              (--whole-archive)
zephyr/libzephyr.a(mem_attr.c.obj)
                              (--whole-archive)
zephyr/libzephyr.a(tracing_none.c.obj)
                              (--whole-archive)
zephyr/arch/common/libarch__common.a(sw_isr_common.c.obj)
                              (--whole-archive)
zephyr/arch/common/libarch__common.a(init.c.obj)
                              (--whole-archive)
zephyr/arch/common/libarch__common.a(xip.c.obj)
                              (--whole-archive)
zephyr/arch/arch/arm/core/libarch__arm__core.a(fatal.c.obj)
                              (--whole-archive)
zephyr/arch/arch/arm/core/libarch__arm__core.a(nmi.c.obj)
                              (--whole-archive)
zephyr/arch/arch/arm/core/libarch__arm__core.a(nmi_on_reset.S.obj)
                              (--whole-archive)
zephyr/arch/arch/arm/core/cortex_m/libarch__arm__core__cortex_m.a(exc_exit.c.obj)
                              (--whole-archive)
zephyr/arch/arch/arm/core/cortex_m/libarch__arm__core__cortex_m.a(fault.c.obj)
                              (--whole-archive)
zephyr/arch/arch/arm/core/cortex_m/libarch__arm__core__cortex_m.a(fault_s.S.obj)
                              (--whole-archive)
zephyr/arch/arch/arm/core/cortex_m/libarch__arm__core__cortex_m.a(fpu.c.obj)
                              (--whole-archive)
zephyr/arch/arch/arm/core/cortex_m/libarch__arm__core__cortex_m.a(reset.S.obj)
                              (--whole-archive)
zephyr/arch/arch/arm/core/cortex_m/libarch__arm__core__cortex_m.a(scb.c.obj)
                              (--whole-archive)
zephyr/arch/arch/arm/core/cortex_m/libarch__arm__core__cortex_m.a(thread_abort.c.obj)
                              (--whole-archive)
[...]
Memory Configuration

Name             Origin             Length             Attributes
FLASH            0x0000000008000000 0x0000000000040000 xr
RAM              0x0000000020000000 0x0000000000010000 xw
SRAM0            0x0000000020000000 0x0000000000010000 rw
IDT_LIST         0x00000000ffff7fff 0x0000000000008000 xw
*default*        0x0000000000000000 0xffffffffffffffff

Linker script and memory map

LOAD zephyr/CMakeFiles/zephyr_pre0.dir/misc/empty_file.c.obj
LOAD zephyr/CMakeFiles/offsets.dir/./arch/arm/core/offsets/offsets.c.obj
LOAD app/libapp.a
LOAD zephyr/libzephyr.a
LOAD zephyr/arch/common/libarch__common.a
LOAD zephyr/arch/arch/arm/core/libarch__arm__core.a
LOAD zephyr/arch/arch/arm/core/cortex_m/libarch__arm__core__cortex_m.a
LOAD zephyr/arch/arch/arm/core/mpu/libarch__arm__core__mpu.a
LOAD zephyr/lib/libc/newlib/liblib__libc__newlib.a
LOAD zephyr/lib/libc/common/liblib__libc__common.a
LOAD zephyr/lib/posix/eventfd/liblib__posix__eventfd.a
LOAD zephyr/lib/posix/c_lib_ext/liblib__posix__c_lib_ext.a
LOAD zephyr/lib/posix/options/liblib__posix__options.a
LOAD zephyr/lib/os/zvfs/liblib__os__zvfs.a
LOAD zephyr/subsys/fs/libsubsys__fs.a
LOAD zephyr/subsys/modem/libsubsys__modem.a
LOAD zephyr/subsys/modem/backends/libsubsys__modem__backends.a
LOAD zephyr/drivers/interrupt_controller/libdrivers__interrupt_controller.a
LOAD zephyr/drivers/clock_control/libdrivers__clock_control.a
LOAD zephyr/drivers/console/libdrivers__console.a
LOAD zephyr/drivers/gnss/libdrivers__gnss.a
LOAD zephyr/drivers/gpio/libdrivers__gpio.a
LOAD zephyr/drivers/hwinfo/libdrivers__hwinfo.a
LOAD zephyr/drivers/i2c/libdrivers__i2c.a
LOAD zephyr/drivers/pinctrl/libdrivers__pinctrl.a
LOAD zephyr/drivers/reset/libdrivers__reset.a
LOAD zephyr/drivers/sensor/honeywell/hmc5883l/libdrivers__sensor__honeywell__hmc5883l.a
LOAD zephyr/drivers/sensor/tdk/mpu6050/libdrivers__sensor__tdk__mpu6050.a
LOAD zephyr/drivers/serial/libdrivers__serial.a
LOAD zephyr/drivers/timer/libdrivers__timer.a
LOAD modules/hal_stm32/stm32cube/lib..__modules__hal__stm32__stm32cube.a
LOAD zephyr/kernel/libkernel.a
LOAD /home/luke/zephyr-sdk-0.17.4/arm-zephyr-eabi/arm-zephyr-eabi/lib/thumb/v7e-m+fp/hard/libm.a
LOAD zephyr/arch/common/libisr_tables.a
LOAD /home/luke/zephyr-sdk-0.17.4/arm-zephyr-eabi/arm-zephyr-eabi/lib/thumb/v7e-m+fp/hard/libm.a
LOAD /home/luke/zephyr-sdk-0.17.4/arm-zephyr-eabi/arm-zephyr-eabi/lib/thumb/v7e-m+fp/hard/libc.a
LOAD /home/luke/zephyr-sdk-0.17.4/arm-zephyr-eabi/bin/../lib/gcc/arm-zephyr-eabi/12.2.0/thumb/v7e-m+fp/hard/libgcc.a
LOAD /home/luke/zephyr-sdk-0.17.4/arm-zephyr-eabi/arm-zephyr-eabi/lib/thumb/v7e-m+fp/hard/libc.a
                0x0000000000000080                _region_min_align = 0x80

.rel.plt        0x0000000008000000        0x0
 *(SORT_BY_ALIGNMENT(.rel.plt))
                [!provide]                        PROVIDE (__rel_iplt_start = .)
 *(SORT_BY_ALIGNMENT(.rel.iplt))
 .rel.iplt      0x0000000008000000        0x0 app/libapp.a(main.c.obj)
                [!provide]                        PROVIDE (__rel_iplt_end = .)

.rela.plt       0x0000000000000000        0x0
 *(SORT_BY_ALIGNMENT(.rela.plt))
                [!provide]                        PROVIDE (__rela_iplt_start = .)
 *(SORT_BY_ALIGNMENT(.rela.iplt))
                [!provide]                        PROVIDE (__rela_iplt_end = .)

.rel.dyn
 *(SORT_BY_ALIGNMENT(.rel.*))

.rela.dyn
 *(SORT_BY_ALIGNMENT(.rela.*))

/DISCARD/
 *(SORT_BY_ALIGNMENT(.plt))

/DISCARD/
 *(SORT_BY_ALIGNMENT(.iplt))
                0x0000000008000000                __rom_region_start = 0x8000000

rom_start       0x0000000008000000      0x18c
                0x0000000008000000                __rom_start_address = .
 FILL mask 0x00
                0x0000000008000000                . = (. + (0x0 - (. - __rom_start_address)))
                0x0000000008000000                . = ALIGN (0x4)
                0x0000000008000000                . = ALIGN (0x80)
                0x0000000008000000                . = ALIGN (0x200)
                0x0000000008000000                _vector_start = .
 *(SORT_BY_ALIGNMENT(.exc_vector_table))
 *(SORT_BY_ALIGNMENT(.exc_vector_table.*))
 .exc_vector_table._vector_table_section
                0x0000000008000000       0x40 zephyr/arch/arch/arm/core/cortex_m/libarch__arm__core__cortex_m.a(vector_table.S.obj)
                0x0000000008000000                _vector_table
 *(SORT_BY_ALIGNMENT(.vectors))
                0x000000000800018c                _vector_end = .
                0x0000000008000040                . = ALIGN (0x4)
 *(SORT_BY_ALIGNMENT(.gnu.linkonce.irq_vector_table*))
 .gnu.linkonce.irq_vector_table
                0x0000000008000040      0x14c zephyr/arch/common/libisr_tables.a(isr_tables.c.obj)
                0x0000000008000040                _irq_vector_table
                0x000000000800018c                _vector_end = .

text            0x00000000080001c0     0xb0a4
                0x00000000080001c0                __text_region_start = .
 *(SORT_BY_ALIGNMENT(.text))
 .text          0x00000000080001c0       0xdc /home/luke/zephyr-sdk-0.17.4/arm-zephyr-eabi/arm-zephyr-eabi/lib/thumb/v7e-m+fp/hard/libc.a(lib_a-strlen.o)
                0x00000000080001c0                strlen
 *fill*         0x000000000800029c        0x4 
 .text          0x00000000080002a0      0x2dc /home/luke/zephyr-sdk-0.17.4/arm-zephyr-eabi/arm-zephyr-eabi/lib/thumb/v7e-m+fp/hard/libc.a(lib_a-strcmp.o)
                0x00000000080002a8                strcmp
 .text          0x000000000800057c      0x134 /home/luke/zephyr-sdk-0.17.4/arm-zephyr-eabi/arm-zephyr-eabi/lib/thumb/v7e-m+fp/hard/libc.a(lib_a-memcpy.o)
                0x000000000800057c                memcpy
 .text          0x00000000080006b0      0x378 /home/luke/zephyr-sdk-0.17.4/arm-zephyr-eabi/bin/../lib/gcc/arm-zephyr-eabi/12.2.0/thumb/v7e-m+fp/hard/libgcc.a(_arm_addsubdf3.o)
                0x00000000080006b0                __aeabi_drsub
                0x00000000080006b8                __aeabi_dsub
                0x00000000080006b8                __subdf3
                0x00000000080006bc                __adddf3
                0x00000000080006bc                __aeabi_dadd
                0x0000000008000934                __aeabi_ui2d
                0x0000000008000934                __floatunsidf
                0x0000000008000954                __floatsidf
                0x0000000008000954                __aeabi_i2d
                0x0000000008000978                __extendsfdf2
                0x0000000008000978                __aeabi_f2d
                0x00000000080009bc                __aeabi_ul2d
                0x00000000080009bc                __floatundidf
                0x00000000080009cc                __floatdidf
                0x00000000080009cc                __aeabi_l2d
 .text          0x0000000008000a28      0x424 /home/luke/zephyr-sdk-0.17.4/arm-zephyr-eabi/bin/../lib/gcc/arm-zephyr-eabi/12.2.0/thumb/v7e-m+fp/hard/libgcc.a(_arm_muldivdf3.o)
                0x0000000008000a28                __aeabi_dmul
                0x0000000008000a28                __muldf3
                0x0000000008000c7c                __aeabi_ddiv
                0x0000000008000c7c                __divdf3
 .text          0x0000000008000e4c       0xa0 /home/luke/zephyr-sdk-0.17.4/arm-zephyr-eabi/bin/../lib/gcc/arm-zephyr-eabi/12.2.0/thumb/v7e-m+fp/hard/libgcc.a(_arm_truncdfsf2.o)
                0x0000000008000e4c                __aeabi_d2f
                0x0000000008000e4c                __truncdfsf2
 .text          0x0000000008000eec       0xa0 /home/luke/zephyr-sdk-0.17.4/arm-zephyr-eabi/bin/../lib/gcc/arm-zephyr-eabi/12.2.0/thumb/v7e-m+fp/hard/libgcc.a(_aeabi_ldivmod.o)
                0x0000000008000eec                __aeabi_ldivmod
 .text          0x0000000008000f8c       0x30 /home/luke/zephyr-sdk-0.17.4/arm-zephyr-eabi/bin/../lib/gcc/arm-zephyr-eabi/12.2.0/thumb/v7e-m+fp/hard/libgcc.a(_aeabi_uldivmod.o)
                0x0000000008000f8c                __aeabi_uldivmod
 .text          0x0000000008000fbc        0x4 /home/luke/zephyr-sdk-0.17.4/arm-zephyr-eabi/bin/../lib/gcc/arm-zephyr-eabi/12.2.0/thumb/v7e-m+fp/hard/libgcc.a(_dvmd_tls.o)
                0x0000000008000fbc                __aeabi_ldiv0
                0x0000000008000fbc                __aeabi_idiv0
 .text          0x0000000008000fc0      0x2a0 /home/luke/zephyr-sdk-0.17.4/arm-zephyr-eabi/bin/../lib/gcc/arm-zephyr-eabi/12.2.0/thumb/v7e-m+fp/hard/libgcc.a(_udivmoddi4.o)
                0x0000000008000fc0                __udivmoddi4
 *(SORT_BY_ALIGNMENT(.text.*))
 .text.sensor_value_to_double
                0x0000000008001260       0x38 app/libapp.a(mpu6050_wrapper.c.obj)
 .text.hmc5883l_read_mag
                0x0000000008001298       0xec app/libapp.a(hmc5883l.c.obj)
                0x0000000008001298                hmc5883l_read_mag
 *fill*         0x0000000008001384        0x4 
 .text.z_cbvprintf_impl
                0x0000000008001388      0xd1c zephyr/libzephyr.a(cbprintf_complete.c.obj)
                0x0000000008001388                z_cbvprintf_impl
 .text.gnss_data_cb
                0x00000000080020a4       0xa4 app/libapp.a(main.c.obj)
 .text.z_log_msg_runtime_create.constprop.0
                0x0000000008002148       0x24 app/libapp.a(main.c.obj)
 .text.main     0x000000000800216c       0x7c app/libapp.a(main.c.obj)
                0x000000000800216c                main
 .text.uart_poll_out.constprop.0
                0x00000000080021e8       0x10 app/libapp.a(gps_config.c.obj)
 .text.gps_set_message_rate.constprop.0
                0x00000000080021f8       0x90 app/libapp.a(gps_config.c.obj)
 .text.gps_set_refresh_rate
                0x0000000008002288       0x80 app/libapp.a(gps_config.c.obj)
                0x0000000008002288                gps_set_refresh_rate
 .text.gps_save_config
                0x0000000008002308       0x50 app/libapp.a(gps_config.c.obj)
                0x0000000008002308                gps_save_config
 .text.gps_disable_all_messages
                0x0000000008002358       0x74 app/libapp.a(gps_config.c.obj)
                0x0000000008002358                gps_disable_all_messages
 .text.gps_enable_standard_messages
                0x00000000080023cc       0x38 app/libapp.a(gps_config.c.obj)
                0x00000000080023cc                gps_enable_standard_messages
 .text.z_log_msg_runtime_create.constprop.0
                0x0000000008002404       0x24 app/libapp.a(data_handler.c.obj)
 .text.add_to_msgq
                0x0000000008002428       0x54 app/libapp.a(data_handler.c.obj)
                0x0000000008002428                add_to_msgq
 .text.set_gps_data
                0x000000000800247c       0x44 app/libapp.a(data_handler.c.obj)
                0x000000000800247c                set_gps_data
 .text.invalidate_sensor_data
                0x00000000080024c0       0x14 app/libapp.a(data_handler.c.obj)
                0x00000000080024c0                invalidate_sensor_data
 .text.command_parser_set_streaming
                0x00000000080024d4       0x2c app/libapp.a(command_parser.c.obj)
                0x00000000080024d4                command_parser_set_streaming
 .text.command_thread
                0x0000000008002500      0x27c app/libapp.a(command_parser.c.obj)
 .text.command_parser_is_streaming
                0x000000000800277c       0x28 app/libapp.a(command_parser.c.obj)
                0x000000000800277c                command_parser_is_streaming
 .text.k_mutex_lock.constprop.0.isra.0
                0x00000000080027a4       0x10 app/libapp.a(mpu6050_wrapper.c.obj)
 .text.k_mutex_unlock.constprop.0.isra.0
                0x00000000080027b4        0xc app/libapp.a(mpu6050_wrapper.c.obj)
 .text.mpu6050_wrapper_init
                0x00000000080027c0       0x5c app/libapp.a(mpu6050_wrapper.c.obj)
                0x00000000080027c0                mpu6050_wrapper_init
 .text.mpu6050_wrapper_is_ready
                0x000000000800281c       0x18 app/libapp.a(mpu6050_wrapper.c.obj)
                0x000000000800281c                mpu6050_wrapper_is_ready
 .text.mpu6050_wrapper_read_accel
                0x0000000008002834      0x104 app/libapp.a(mpu6050_wrapper.c.obj)
                0x0000000008002834                mpu6050_wrapper_read_accel
 .text.mpu6050_wrapper_get_orientation
                0x0000000008002938       0x94 app/libapp.a(mpu6050_wrapper.c.obj)
                0x0000000008002938                mpu6050_wrapper_get_orientation
 .text.mpu6050_wrapper_read
                0x00000000080029cc      0x160 app/libapp.a(mpu6050_wrapper.c.obj)
                0x00000000080029cc                mpu6050_wrapper_read
 .text.mpu6050_wrapper_calibrate_start
                0x0000000008002b2c       0x60 app/libapp.a(mpu6050_wrapper.c.obj)
                0x0000000008002b2c                mpu6050_wrapper_calibrate_start
 .text.mpu6050_wrapper_calibrate_finish
                0x0000000008002b8c       0xd4 app/libapp.a(mpu6050_wrapper.c.obj)
                0x0000000008002b8c                mpu6050_wrapper_calibrate_finish
 .text.compass_init
                0x0000000008002c60       0x2c app/libapp.a(hmc5883l.c.obj)
                0x0000000008002c60                compass_init
 .text.hmc5883l_get_heading
                0x0000000008002c8c       0x74 app/libapp.a(hmc5883l.c.obj)
                0x0000000008002c8c                hmc5883l_get_heading
 .text.cbvprintf_package
                0x0000000008002d00      0x3a4 zephyr/libzephyr.a(cbprintf_packaged.c.obj)
                0x0000000008002d00                cbvprintf_package
 .text.__printk_hook_install
                0x00000000080030a4        0xc zephyr/libzephyr.a(printk.c.obj)
                0x00000000080030a4                __printk_hook_install
 .text.extract_decimal
                0x00000000080030b0       0x2c zephyr/libzephyr.a(cbprintf_complete.c.obj)
 .text.encode_uint
                0x00000000080030dc       0x9c zephyr/libzephyr.a(cbprintf_complete.c.obj)
 .text.st_stm32_common_config
                0x0000000008003178       0x14 zephyr/libzephyr.a(soc_config.c.obj)
 .text.soc_early_init_hook
                0x000000000800318c       0x30 zephyr/libzephyr.a(soc.c.obj)
                0x000000000800318c                soc_early_init_hook
 .text.z_log_init.isra.0
                0x00000000080031bc       0xd4 zephyr/libzephyr.a(log_core.c.obj)
 .text.log_format_func_t_get
                0x0000000008003290        0xc zephyr/libzephyr.a(log_core.c.obj)
                0x0000000008003290                log_format_func_t_get
 .text.log_set_timestamp_func
                0x000000000800329c       0x20 zephyr/libzephyr.a(log_core.c.obj)
                0x000000000800329c                log_set_timestamp_func
 .text.log_core_init
                0x00000000080032bc       0x4c zephyr/libzephyr.a(log_core.c.obj)
                0x00000000080032bc                log_core_init
 .text.z_impl_log_panic
                0x0000000008003308       0x3c zephyr/libzephyr.a(log_core.c.obj)
                0x0000000008003308                z_impl_log_panic
 .text.z_log_dropped
                0x0000000008003344       0x30 zephyr/libzephyr.a(log_core.c.obj)
                0x0000000008003344                z_log_dropped
 .text.z_log_msg_commit
                0x0000000008003374       0x38 zephyr/libzephyr.a(log_core.c.obj)
                0x0000000008003374                z_log_msg_commit
 .text.log_source_name_get
                0x00000000080033ac       0x1c zephyr/libzephyr.a(log_mgmt.c.obj)
                0x00000000080033ac                log_source_name_get
 .text.z_log_msg_runtime_vcreate
                0x00000000080033c8       0xac zephyr/libzephyr.a(log_msg.c.obj)
                0x00000000080033c8                z_log_msg_runtime_vcreate
 .text.log_msg_get_source_id
                0x0000000008003474       0x18 zephyr/libzephyr.a(log_msg.c.obj)
                0x0000000008003474                log_msg_get_source_id
 .text.print_formatted
                0x000000000800348c       0x24 zephyr/libzephyr.a(log_output.c.obj)
 .text.newline_print
                0x00000000080034b0       0x1c zephyr/libzephyr.a(log_output.c.obj)
 .text.log_output_process
                0x00000000080034cc      0x2e0 zephyr/libzephyr.a(log_output.c.obj)
                0x00000000080034cc                log_output_process
 .text.log_output_timestamp_freq_set
                0x00000000080037ac       0x2c zephyr/libzephyr.a(log_output.c.obj)
                0x00000000080037ac                log_output_timestamp_freq_set
 .text.char_out
                0x00000000080037d8       0x24 zephyr/libzephyr.a(log_backend_uart.c.obj)
 .text.mem_attr_get_regions
                0x00000000080037fc        0xc zephyr/libzephyr.a(mem_attr.c.obj)
                0x00000000080037fc                mem_attr_get_regions
 .text.arch_bss_zero
                0x0000000008003808       0x18 zephyr/arch/common/libarch__common.a(init.c.obj)
                0x0000000008003808                arch_bss_zero
 .text.arch_data_copy
                0x0000000008003820       0x38 zephyr/arch/common/libarch__common.a(xip.c.obj)
                0x0000000008003820                arch_data_copy
 .text.z_arm_fatal_error
                0x0000000008003858      0x130 zephyr/arch/arch/arm/core/libarch__arm__core.a(fatal.c.obj)
                0x0000000008003858                z_arm_fatal_error
 .text.z_SysNmiOnReset
                0x0000000008003988        0x8 zephyr/arch/arch/arm/core/libarch__arm__core.a(nmi_on_reset.S.obj)
                0x0000000008003988                z_SysNmiOnReset
 .text._HandlerModeExit
                0x0000000008003990       0x20 zephyr/arch/arch/arm/core/cortex_m/libarch__arm__core__cortex_m.a(exc_exit.c.obj)
                0x0000000008003990                z_arm_exc_exit
                0x0000000008003990                z_arm_int_exit
 .text.bus_fault.constprop.0
                0x00000000080039b0      0x13c zephyr/arch/arch/arm/core/cortex_m/libarch__arm__core__cortex_m.a(fault.c.obj)
 .text.usage_fault.constprop.0
                0x0000000008003aec      0x108 zephyr/arch/arch/arm/core/cortex_m/libarch__arm__core__cortex_m.a(fault.c.obj)
 .text.mem_manage_fault
                0x0000000008003bf4      0x164 zephyr/arch/arch/arm/core/cortex_m/libarch__arm__core__cortex_m.a(fault.c.obj)
 .text.z_arm_fault
                0x0000000008003d58      0x200 zephyr/arch/arch/arm/core/cortex_m/libarch__arm__core__cortex_m.a(fault.c.obj)
                0x0000000008003d58                z_arm_fault
 .text.z_arm_fault_init
                0x0000000008003f58       0x18 zephyr/arch/arch/arm/core/cortex_m/libarch__arm__core__cortex_m.a(fault.c.obj)
                0x0000000008003f58                z_arm_fault_init
 .text.__fault  0x0000000008003f70       0x14 zephyr/arch/arch/arm/core/cortex_m/libarch__arm__core__cortex_m.a(fault_s.S.obj)
                0x0000000008003f70                z_arm_bus_fault
                0x0000000008003f70                z_arm_usage_fault
                0x0000000008003f70                z_arm_mpu_fault
                0x0000000008003f70                z_arm_exc_spurious
                0x0000000008003f70                z_arm_debug_monitor
                0x0000000008003f70                z_arm_hard_fault
 .text._reset_section
                0x0000000008003f84       0x34 zephyr/arch/arch/arm/core/cortex_m/libarch__arm__core__cortex_m.a(reset.S.obj)
                0x0000000008003f84                z_arm_reset
                0x0000000008003f84                __start
 .text.z_impl_k_thread_abort
                0x0000000008003fb8       0x2c zephyr/arch/arch/arm/core/cortex_m/libarch__arm__core__cortex_m.a(thread_abort.c.obj)
                0x0000000008003fb8                z_impl_k_thread_abort
 .text.z_arm_pendsv
                0x0000000008003fe4       0xa8 zephyr/arch/arch/arm/core/cortex_m/libarch__arm__core__cortex_m.a(swap_helper.S.obj)
                0x0000000008003fe4                z_arm_pendsv
 .text.z_arm_svc
                0x000000000800408c       0x24 zephyr/arch/arch/arm/core/cortex_m/libarch__arm__core__cortex_m.a(swap_helper.S.obj)
                0x000000000800408c                z_arm_svc
 .text.arm_irq_enable
                0x00000000080040b0       0x1c zephyr/arch/arch/arm/core/cortex_m/libarch__arm__core__cortex_m.a(irq_manage.c.obj)
                0x00000000080040b0                arm_irq_enable
 .text.arm_irq_priority_set
                0x00000000080040cc       0x30 zephyr/arch/arch/arm/core/cortex_m/libarch__arm__core__cortex_m.a(irq_manage.c.obj)
                0x00000000080040cc                arm_irq_priority_set
 .text.relocate_vector_table
                0x00000000080040fc       0x1c zephyr/arch/arch/arm/core/cortex_m/libarch__arm__core__cortex_m.a(prep_c.c.obj)
                0x00000000080040fc                relocate_vector_table
 .text.z_prep_c
                0x0000000008004118       0x4c zephyr/arch/arch/arm/core/cortex_m/libarch__arm__core__cortex_m.a(prep_c.c.obj)
                0x0000000008004118                z_prep_c
 .text.arch_new_thread
                0x0000000008004164       0x40 zephyr/arch/arch/arm/core/cortex_m/libarch__arm__core__cortex_m.a(thread.c.obj)
                0x0000000008004164                arch_new_thread
 .text.z_arm_mpu_stack_guard_and_fpu_adjust
                0x00000000080041a4       0x54 zephyr/arch/arch/arm/core/cortex_m/libarch__arm__core__cortex_m.a(thread.c.obj)
                0x00000000080041a4                z_arm_mpu_stack_guard_and_fpu_adjust
 .text.z_check_thread_stack_fail
                0x00000000080041f8       0x30 zephyr/arch/arch/arm/core/cortex_m/libarch__arm__core__cortex_m.a(thread.c.obj)
                0x00000000080041f8                z_check_thread_stack_fail
 .text.arch_float_disable
                0x0000000008004228       0x48 zephyr/arch/arch/arm/core/cortex_m/libarch__arm__core__cortex_m.a(thread.c.obj)
                0x0000000008004228                arch_float_disable
 .text.arch_switch_to_main_thread
                0x0000000008004270       0x54 zephyr/arch/arch/arm/core/cortex_m/libarch__arm__core__cortex_m.a(thread.c.obj)
                0x0000000008004270                arch_switch_to_main_thread
 .text.z_arm_cpu_idle_init
                0x00000000080042c4        0xc zephyr/arch/arch/arm/core/cortex_m/libarch__arm__core__cortex_m.a(cpu_idle.c.obj)
                0x00000000080042c4                z_arm_cpu_idle_init
 .text.z_arm_interrupt_init
                0x00000000080042d0       0x18 zephyr/arch/arch/arm/core/cortex_m/libarch__arm__core__cortex_m.a(irq_init.c.obj)
                0x00000000080042d0                z_arm_interrupt_init
 .text._isr_wrapper
                0x00000000080042e8       0x24 zephyr/arch/arch/arm/core/cortex_m/libarch__arm__core__cortex_m.a(isr_wrapper.c.obj)
                0x00000000080042e8                _isr_wrapper
 .text.z_arm_configure_static_mpu_regions
                0x000000000800430c       0x18 zephyr/arch/arch/arm/core/mpu/libarch__arm__core__mpu.a(arm_core_mpu.c.obj)
                0x000000000800430c                z_arm_configure_static_mpu_regions
 .text.z_arm_configure_dynamic_mpu_regions
                0x0000000008004324       0x2c zephyr/arch/arch/arm/core/mpu/libarch__arm__core__mpu.a(arm_core_mpu.c.obj)
                0x0000000008004324                z_arm_configure_dynamic_mpu_regions
 .text.region_allocate_and_init
                0x0000000008004350       0x60 zephyr/arch/arch/arm/core/mpu/libarch__arm__core__mpu.a(arm_mpu.c.obj)
 .text.mpu_configure_regions
                0x00000000080043b0       0x74 zephyr/arch/arch/arm/core/mpu/libarch__arm__core__mpu.a(arm_mpu.c.obj)
 .text.arm_core_mpu_enable
                0x0000000008004424       0x18 zephyr/arch/arch/arm/core/mpu/libarch__arm__core__mpu.a(arm_mpu.c.obj)
                0x0000000008004424                arm_core_mpu_enable
 .text.arm_core_mpu_disable
                0x000000000800443c       0x14 zephyr/arch/arch/arm/core/mpu/libarch__arm__core__mpu.a(arm_mpu.c.obj)
                0x000000000800443c                arm_core_mpu_disable
 .text.arm_core_mpu_configure_static_mpu_regions
                0x0000000008004450       0x14 zephyr/arch/arch/arm/core/mpu/libarch__arm__core__mpu.a(arm_mpu.c.obj)
                0x0000000008004450                arm_core_mpu_configure_static_mpu_regions
 .text.arm_core_mpu_configure_dynamic_mpu_regions
                0x0000000008004464       0x38 zephyr/arch/arch/arm/core/mpu/libarch__arm__core__mpu.a(arm_mpu.c.obj)
                0x0000000008004464                arm_core_mpu_configure_dynamic_mpu_regions
 .text.z_arm_mpu_init
                0x000000000800449c      0x17c zephyr/arch/arch/arm/core/mpu/libarch__arm__core__mpu.a(arm_mpu.c.obj)
                0x000000000800449c                z_arm_mpu_init
 .text.__stdout_hook_install
                0x0000000008004618        0xc zephyr/lib/libc/newlib/liblib__libc__newlib.a(libc-hooks.c.obj)
                0x0000000008004618                __stdout_hook_install
 .text.pthread_barrier_pool_init
                0x0000000008004624       0x28 zephyr/lib/posix/options/liblib__posix__options.a(barrier.c.obj)
 .text.pthread_cond_pool_init
                0x000000000800464c       0x20 zephyr/lib/posix/options/liblib__posix__options.a(cond.c.obj)
 .text.pthread_mutex_pool_init
                0x000000000800466c       0x20 zephyr/lib/posix/options/liblib__posix__options.a(mutex.c.obj)
 .text.posix_thread_pool_init
                0x000000000800468c       0x38 zephyr/lib/posix/options/liblib__posix__options.a(pthread.c.obj)
 .text.modem_chat_send_script_request_part
                0x00000000080046c4       0x94 zephyr/subsys/modem/libsubsys__modem.a(modem_chat.c.obj)
 .text.modem_chat_script_stop
                0x0000000008004758       0xb8 zephyr/subsys/modem/libsubsys__modem.a(modem_chat.c.obj)
 .text.modem_chat_process_handler
                0x0000000008004810      0x2f8 zephyr/subsys/modem/libsubsys__modem.a(modem_chat.c.obj)
 .text.modem_chat_init
                0x0000000008004b08       0xc0 zephyr/subsys/modem/libsubsys__modem.a(modem_chat.c.obj)
                0x0000000008004b08                modem_chat_init
 .text.modem_chat_attach
                0x0000000008004bc8       0x24 zephyr/subsys/modem/libsubsys__modem.a(modem_chat.c.obj)
                0x0000000008004bc8                modem_chat_attach
 .text.modem_chat_run_script_async
                0x0000000008004bec       0x94 zephyr/subsys/modem/libsubsys__modem.a(modem_chat.c.obj)
                0x0000000008004bec                modem_chat_run_script_async
 .text.modem_backend_uart_init
                0x0000000008004c80       0x40 zephyr/subsys/modem/backends/libsubsys__modem__backends.a(modem_backend_uart.c.obj)
                0x0000000008004c80                modem_backend_uart_init
 .text.z_log_msg_runtime_create.constprop.0
                0x0000000008004cc0       0x24 zephyr/subsys/modem/backends/libsubsys__modem__backends.a(modem_backend_uart_isr.c.obj)
 .text.modem_backend_uart_isr_irq_handler
                0x0000000008004ce4      0x190 zephyr/subsys/modem/backends/libsubsys__modem__backends.a(modem_backend_uart_isr.c.obj)
 .text.modem_backend_uart_isr_init
                0x0000000008004e74       0x8c zephyr/subsys/modem/backends/libsubsys__modem__backends.a(modem_backend_uart_isr.c.obj)
                0x0000000008004e74                modem_backend_uart_isr_init
 .text.stm32_exti_init
                0x0000000008004f00       0x58 zephyr/drivers/interrupt_controller/libdrivers__interrupt_controller.a(intc_exti_stm32.c.obj)
 .text.stm32_exti_is_pending
                0x0000000008004f58       0x50 zephyr/drivers/interrupt_controller/libdrivers__interrupt_controller.a(intc_exti_stm32.c.obj)
                0x0000000008004f58                stm32_exti_is_pending
 .text.stm32_exti_clear_pending
                0x0000000008004fa8       0x4c zephyr/drivers/interrupt_controller/libdrivers__interrupt_controller.a(intc_exti_stm32.c.obj)
                0x0000000008004fa8                stm32_exti_clear_pending
 .text.stm32_fill_irq_table
                0x0000000008004ff4       0x18 zephyr/drivers/interrupt_controller/libdrivers__interrupt_controller.a(intc_gpio_stm32.c.obj)
 .text.stm32_intc_gpio_isr
                0x000000000800500c       0x4c zephyr/drivers/interrupt_controller/libdrivers__interrupt_controller.a(intc_gpio_stm32.c.obj)
 .text.stm32_gpio_intc_enable_line
                0x0000000008005058       0x2c zephyr/drivers/interrupt_controller/libdrivers__interrupt_controller.a(intc_gpio_stm32.c.obj)
                0x0000000008005058                stm32_gpio_intc_enable_line
 .text.stm32_gpio_intc_disable_line
                0x0000000008005084       0x10 zephyr/drivers/interrupt_controller/libdrivers__interrupt_controller.a(intc_gpio_stm32.c.obj)
                0x0000000008005084                stm32_gpio_intc_disable_line
 .text.stm32_gpio_intc_select_line_trigger
                0x0000000008005094       0x50 zephyr/drivers/interrupt_controller/libdrivers__interrupt_controller.a(intc_gpio_stm32.c.obj)
                0x0000000008005094                stm32_gpio_intc_select_line_trigger
 .text.stm32_gpio_intc_set_irq_callback
                0x00000000080050e4       0x40 zephyr/drivers/interrupt_controller/libdrivers__interrupt_controller.a(intc_gpio_stm32.c.obj)
                0x00000000080050e4                stm32_gpio_intc_set_irq_callback
 .text.stm32_gpio_intc_remove_irq_callback
                0x0000000008005124       0x24 zephyr/drivers/interrupt_controller/libdrivers__interrupt_controller.a(intc_gpio_stm32.c.obj)
                0x0000000008005124                stm32_gpio_intc_remove_irq_callback
 .text.stm32_exti_get_line_src_port
                0x0000000008005148       0x34 zephyr/drivers/interrupt_controller/libdrivers__interrupt_controller.a(intc_gpio_stm32.c.obj)
                0x0000000008005148                stm32_exti_get_line_src_port
 .text.LL_RCC_HSI_IsReady
                0x000000000800517c       0x10 zephyr/drivers/clock_control/libdrivers__clock_control.a(clock_stm32_ll_common.c.obj)
 .text.stm32_clock_control_get_subsys_rate
                0x000000000800518c       0xcc zephyr/drivers/clock_control/libdrivers__clock_control.a(clock_stm32_ll_common.c.obj)
 .text.stm32_clock_control_init
                0x0000000008005258      0x130 zephyr/drivers/clock_control/libdrivers__clock_control.a(clock_stm32_ll_common.c.obj)
                0x0000000008005258                stm32_clock_control_init
 .text.get_pllsrc_frequency
                0x0000000008005388        0x8 zephyr/drivers/clock_control/libdrivers__clock_control.a(clock_stm32l4_l5_wb_wl.c.obj)
                0x0000000008005388                get_pllsrc_frequency
 .text.config_pll_sysclock
                0x0000000008005390       0x24 zephyr/drivers/clock_control/libdrivers__clock_control.a(clock_stm32l4_l5_wb_wl.c.obj)
                0x0000000008005390                config_pll_sysclock
 .text.config_enable_default_clocks
                0x00000000080053b4       0x20 zephyr/drivers/clock_control/libdrivers__clock_control.a(clock_stm32l4_l5_wb_wl.c.obj)
                0x00000000080053b4                config_enable_default_clocks
 .text.uart_console_init
                0x00000000080053d4       0x28 zephyr/drivers/console/libdrivers__console.a(uart_console.c.obj)
 .text.console_out
                0x00000000080053fc       0x28 zephyr/drivers/console/libdrivers__console.a(uart_console.c.obj)
 .text.gnss_publish_data
                0x0000000008005424       0x48 zephyr/drivers/gnss/libdrivers__gnss.a(gnss_publish.c.obj)
                0x0000000008005424                gnss_publish_data
 .text.gnss_publish_satellites
                0x000000000800546c       0x50 zephyr/drivers/gnss/libdrivers__gnss.a(gnss_publish.c.obj)
                0x000000000800546c                gnss_publish_satellites
 .text.gnss_nmea0183_ddmm_mmmm_to_ndeg
                0x00000000080054bc       0xf8 zephyr/drivers/gnss/libdrivers__gnss.a(gnss_nmea0183.c.obj)
                0x00000000080054bc                gnss_nmea0183_ddmm_mmmm_to_ndeg
 .text.gnss_nmea0183_knots_to_mms
                0x00000000080055b4       0x24 zephyr/drivers/gnss/libdrivers__gnss.a(gnss_nmea0183.c.obj)
                0x00000000080055b4                gnss_nmea0183_knots_to_mms
 .text.gnss_nmea0183_parse_hhmmss
                0x00000000080055d8       0x84 zephyr/drivers/gnss/libdrivers__gnss.a(gnss_nmea0183.c.obj)
                0x00000000080055d8                gnss_nmea0183_parse_hhmmss
 .text.gnss_nmea0183_parse_ddmmyy
                0x000000000800565c       0x84 zephyr/drivers/gnss/libdrivers__gnss.a(gnss_nmea0183.c.obj)
                0x000000000800565c                gnss_nmea0183_parse_ddmmyy
 .text.gnss_nmea0183_parse_rmc
                0x00000000080056e0       0xd4 zephyr/drivers/gnss/libdrivers__gnss.a(gnss_nmea0183.c.obj)
                0x00000000080056e0                gnss_nmea0183_parse_rmc
 .text.gnss_nmea_generic_init
                0x00000000080057b4       0xf4 zephyr/drivers/gnss/libdrivers__gnss.a(gnss_nmea_generic.c.obj)
 .text.gnss_parse_dec_to_nano
                0x00000000080058a8       0xe8 zephyr/drivers/gnss/libdrivers__gnss.a(gnss_parse.c.obj)
                0x00000000080058a8                gnss_parse_dec_to_nano
 .text.gnss_parse_dec_to_milli
                0x0000000008005990       0x24 zephyr/drivers/gnss/libdrivers__gnss.a(gnss_parse.c.obj)
                0x0000000008005990                gnss_parse_dec_to_milli
 .text.gpio_stm32_pin_interrupt_configure
                0x00000000080059b4       0xb0 zephyr/drivers/gpio/libdrivers__gpio.a(gpio_stm32.c.obj)
 .text.gpio_stm32_init
                0x0000000008005a64       0x38 zephyr/drivers/gpio/libdrivers__gpio.a(gpio_stm32.c.obj)
 .text.i2c_stm32_get_config
                0x0000000008005a9c       0x38 zephyr/drivers/i2c/libdrivers__i2c.a(i2c_stm32.c.obj)
                0x0000000008005a9c                i2c_stm32_get_config
 .text.i2c_stm32_set_smbus_mode
                0x0000000008005ad4       0x40 zephyr/drivers/i2c/libdrivers__i2c.a(i2c_stm32.c.obj)
                0x0000000008005ad4                i2c_stm32_set_smbus_mode
 .text.i2c_stm32_runtime_configure
                0x0000000008005b14       0x94 zephyr/drivers/i2c/libdrivers__i2c.a(i2c_stm32.c.obj)
                0x0000000008005b14                i2c_stm32_runtime_configure
 .text.i2c_stm32_init
                0x0000000008005ba8       0xe8 zephyr/drivers/i2c/libdrivers__i2c.a(i2c_stm32.c.obj)
 .text.i2c_stm32_activate
                0x0000000008005c90       0x80 zephyr/drivers/i2c/libdrivers__i2c.a(i2c_stm32_common.c.obj)
                0x0000000008005c90                i2c_stm32_activate
 .text.i2c_stm32_configure_timing
                0x0000000008005d10      0x15c zephyr/drivers/i2c/libdrivers__i2c.a(i2c_stm32_v2.c.obj)
                0x0000000008005d10                i2c_stm32_configure_timing
 .text.pinctrl_configure_pins
                0x0000000008005e6c       0x84 zephyr/drivers/pinctrl/libdrivers__pinctrl.a(pinctrl_stm32.c.obj)
                0x0000000008005e6c                pinctrl_configure_pins
 .text.hmc5883l_sample_fetch
                0x0000000008005ef0       0x58 zephyr/drivers/sensor/honeywell/hmc5883l/libdrivers__sensor__honeywell__hmc5883l.a(hmc5883l.c.obj)
 .text.hmc5883l_init
                0x0000000008005f48      0x15c zephyr/drivers/sensor/honeywell/hmc5883l/libdrivers__sensor__honeywell__hmc5883l.a(hmc5883l.c.obj)
                0x0000000008005f48                hmc5883l_init
 .text.hmc5883l_channel_get
                0x00000000080060a4       0xfc zephyr/drivers/sensor/honeywell/hmc5883l/libdrivers__sensor__honeywell__hmc5883l.a(hmc5883l.c.obj)
 .text.mpu6050_convert_gyro
                0x00000000080061a0       0x30 zephyr/drivers/sensor/tdk/mpu6050/libdrivers__sensor__tdk__mpu6050.a(mpu6050.c.obj)
 .text.mpu6050_sample_fetch
                0x00000000080061d0       0x84 zephyr/drivers/sensor/tdk/mpu6050/libdrivers__sensor__tdk__mpu6050.a(mpu6050.c.obj)
 .text.mpu6050_channel_get
                0x0000000008006254      0x1d0 zephyr/drivers/sensor/tdk/mpu6050/libdrivers__sensor__tdk__mpu6050.a(mpu6050.c.obj)
 .text.mpu6050_init
                0x0000000008006424      0x204 zephyr/drivers/sensor/tdk/mpu6050/libdrivers__sensor__tdk__mpu6050.a(mpu6050.c.obj)
                0x0000000008006424                mpu6050_init
 .text.uart_stm32_irq_err_enable
                0x0000000008006628       0x48 zephyr/drivers/serial/libdrivers__serial.a(uart_stm32.c.obj)
 .text.uart_stm32_irq_err_disable
                0x0000000008006670       0x48 zephyr/drivers/serial/libdrivers__serial.a(uart_stm32.c.obj)
 .text.uart_stm32_set_baudrate
                0x00000000080066b8       0x90 zephyr/drivers/serial/libdrivers__serial.a(uart_stm32.c.obj)
 .text.uart_stm32_parameters_set
                0x0000000008006748      0x140 zephyr/drivers/serial/libdrivers__serial.a(uart_stm32.c.obj)
 .text.uart_stm32_init
                0x0000000008006888      0x1a4 zephyr/drivers/serial/libdrivers__serial.a(uart_stm32.c.obj)
 .text.uart_stm32_configure
                0x0000000008006a2c      0x13c zephyr/drivers/serial/libdrivers__serial.a(uart_stm32.c.obj)
 .text.elapsed  0x0000000008006b68       0x4c zephyr/drivers/timer/libdrivers__timer.a(cortex_m_systick.c.obj)
 .text.sys_clock_driver_init
                0x0000000008006bb4       0x38 zephyr/drivers/timer/libdrivers__timer.a(cortex_m_systick.c.obj)
 .text.sys_clock_isr
                0x0000000008006bec       0x60 zephyr/drivers/timer/libdrivers__timer.a(cortex_m_systick.c.obj)
                0x0000000008006bec                sys_clock_isr
 .text.sys_clock_set_timeout
                0x0000000008006c4c       0xf8 zephyr/drivers/timer/libdrivers__timer.a(cortex_m_systick.c.obj)
                0x0000000008006c4c                sys_clock_set_timeout
 .text.sys_clock_elapsed
                0x0000000008006d44       0x3c zephyr/drivers/timer/libdrivers__timer.a(cortex_m_systick.c.obj)
                0x0000000008006d44                sys_clock_elapsed
 .text.sys_clock_cycle_get_32
                0x0000000008006d80       0x28 zephyr/drivers/timer/libdrivers__timer.a(cortex_m_systick.c.obj)
                0x0000000008006d80                sys_clock_cycle_get_32
 .text.HAL_RCC_GetSysClockFreq
                0x0000000008006da8       0x9c modules/hal_stm32/stm32cube/lib..__modules__hal__stm32__stm32cube.a(stm32l4xx_hal_rcc.c.obj)
                0x0000000008006da8                HAL_RCC_GetSysClockFreq
 .text.LL_SetFlashLatency
                0x0000000008006e44       0xa8 modules/hal_stm32/stm32cube/lib..__modules__hal__stm32__stm32cube.a(stm32l4xx_ll_utils.c.obj)
                0x0000000008006e44                LL_SetFlashLatency
 .text.z_impl_z_errno
                0x0000000008006eec        0xc zephyr/kernel/libkernel.a(errno.c.obj)
                0x0000000008006eec                z_impl_z_errno
 .text.k_sys_fatal_error_handler
                0x0000000008006ef8       0x2c zephyr/kernel/libkernel.a(fatal.c.obj)
                0x0000000008006ef8                k_sys_fatal_error_handler
 .text.z_fatal_error
                0x0000000008006f24       0xcc zephyr/kernel/libkernel.a(fatal.c.obj)
                0x0000000008006f24                z_fatal_error
 .text.z_sys_init_run_level
                0x0000000008006ff0       0x30 zephyr/kernel/libkernel.a(init.c.obj)
 .text.bg_thread_main
                0x0000000008007020       0xc0 zephyr/kernel/libkernel.a(init.c.obj)
 .text.z_init_cpu
                0x00000000080070e0       0x88 zephyr/kernel/libkernel.a(init.c.obj)
                0x00000000080070e0                z_init_cpu
 .text.z_cstart
                0x0000000008007168       0xd0 zephyr/kernel/libkernel.a(init.c.obj)
                0x0000000008007168                z_cstart
 .text.init_mem_slab_obj_core_list
                0x0000000008007238       0x24 zephyr/kernel/libkernel.a(mem_slab.c.obj)
 .text.put_msg_in_queue
                0x000000000800725c       0xe0 zephyr/kernel/libkernel.a(msg_q.c.obj)
 .text.z_impl_k_mutex_lock
                0x000000000800733c       0xf0 zephyr/kernel/libkernel.a(mutex.c.obj)
                0x000000000800733c                z_impl_k_mutex_lock
 .text.z_impl_k_mutex_unlock
                0x000000000800742c       0xa0 zephyr/kernel/libkernel.a(mutex.c.obj)
                0x000000000800742c                z_impl_k_mutex_unlock
 .text.z_impl_k_sem_give
                0x00000000080074cc       0x74 zephyr/kernel/libkernel.a(sem.c.obj)
                0x00000000080074cc                z_impl_k_sem_give
 .text.z_impl_k_sem_take
                0x0000000008007540       0x4c zephyr/kernel/libkernel.a(sem.c.obj)
                0x0000000008007540                z_impl_k_sem_take
 .text.z_impl_k_sem_reset
                0x000000000800758c       0x80 zephyr/kernel/libkernel.a(sem.c.obj)
                0x000000000800758c                z_impl_k_sem_reset
 .text.work_queue_main
                0x000000000800760c      0x14c zephyr/kernel/libkernel.a(work.c.obj)
 .text.submit_to_queue_locked
                0x0000000008007758       0xb8 zephyr/kernel/libkernel.a(work.c.obj)
 .text.k_work_submit
                0x0000000008007810        0xc zephyr/kernel/libkernel.a(work.c.obj)
                0x0000000008007810                k_work_submit
 .text.k_work_queue_start
                0x000000000800781c       0x80 zephyr/kernel/libkernel.a(work.c.obj)
                0x000000000800781c                k_work_queue_start
 .text.k_work_schedule_for_queue
                0x000000000800789c       0x54 zephyr/kernel/libkernel.a(work.c.obj)
                0x000000000800789c                k_work_schedule_for_queue
 .text.k_work_schedule
                0x00000000080078f0        0xc zephyr/kernel/libkernel.a(work.c.obj)
                0x00000000080078f0                k_work_schedule
 .text.k_work_reschedule_for_queue
                0x00000000080078fc       0x5c zephyr/kernel/libkernel.a(work.c.obj)
                0x00000000080078fc                k_work_reschedule_for_queue
 .text.k_work_reschedule
                0x0000000008007958        0xc zephyr/kernel/libkernel.a(work.c.obj)
                0x0000000008007958                k_work_reschedule
 .text.z_setup_new_thread
                0x0000000008007964       0x9c zephyr/kernel/libkernel.a(thread.c.obj)
                0x0000000008007964                z_setup_new_thread
 .text.z_impl_k_thread_create
                0x0000000008007a00       0x58 zephyr/kernel/libkernel.a(thread.c.obj)
                0x0000000008007a00                z_impl_k_thread_create
 .text.z_thread_mark_switched_in
                0x0000000008007a58        0xc zephyr/kernel/libkernel.a(thread.c.obj)
                0x0000000008007a58                z_thread_mark_switched_in
 .text.z_dummy_thread_init
                0x0000000008007a64       0x20 zephyr/kernel/libkernel.a(thread.c.obj)
                0x0000000008007a64                z_dummy_thread_init
 .text.z_swap_irqlock
                0x0000000008007a84       0x34 zephyr/kernel/libkernel.a(sched.c.obj)
 .text.ready_thread
                0x0000000008007ab8       0x84 zephyr/kernel/libkernel.a(sched.c.obj)
 .text.unready_thread
                0x0000000008007b3c       0x54 zephyr/kernel/libkernel.a(sched.c.obj)
 .text.add_thread_timeout
                0x0000000008007b90       0x1c zephyr/kernel/libkernel.a(sched.c.obj)
 .text.move_current_to_end_of_prio_q
                0x0000000008007bac       0x70 zephyr/kernel/libkernel.a(sched.c.obj)
                0x0000000008007bac                move_current_to_end_of_prio_q
 .text.z_pend_curr
                0x0000000008007c1c       0x44 zephyr/kernel/libkernel.a(sched.c.obj)
                0x0000000008007c1c                z_pend_curr
 .text.z_thread_prio_set
                0x0000000008007c60       0xe4 zephyr/kernel/libkernel.a(sched.c.obj)
                0x0000000008007c60                z_thread_prio_set
 .text.z_reschedule
                0x0000000008007d44       0x24 zephyr/kernel/libkernel.a(sched.c.obj)
                0x0000000008007d44                z_reschedule
 .text.z_reschedule_irqlock
                0x0000000008007d68       0x28 zephyr/kernel/libkernel.a(sched.c.obj)
                0x0000000008007d68                z_reschedule_irqlock
 .text.k_sched_lock
                0x0000000008007d90       0x28 zephyr/kernel/libkernel.a(sched.c.obj)
                0x0000000008007d90                k_sched_lock
 .text.k_sched_unlock
                0x0000000008007db8       0x68 zephyr/kernel/libkernel.a(sched.c.obj)
                0x0000000008007db8                k_sched_unlock
 .text.z_sched_init
                0x0000000008007e20       0x10 zephyr/kernel/libkernel.a(sched.c.obj)
                0x0000000008007e20                z_sched_init
 .text.z_impl_k_yield
                0x0000000008007e30       0x88 zephyr/kernel/libkernel.a(sched.c.obj)
                0x0000000008007e30                z_impl_k_yield
 .text.z_tick_sleep
                0x0000000008007eb8       0x78 zephyr/kernel/libkernel.a(sched.c.obj)
 .text.z_impl_k_wakeup
                0x0000000008007f30       0x48 zephyr/kernel/libkernel.a(sched.c.obj)
                0x0000000008007f30                z_impl_k_wakeup
 .text.z_impl_k_sched_current_thread_query
                0x0000000008007f78        0xc zephyr/kernel/libkernel.a(sched.c.obj)
                0x0000000008007f78                z_impl_k_sched_current_thread_query
 .text.z_thread_abort
                0x0000000008007f84      0x140 zephyr/kernel/libkernel.a(sched.c.obj)
                0x0000000008007f84                z_thread_abort
 .text.z_sched_wait
                0x00000000080080c4       0x24 zephyr/kernel/libkernel.a(sched.c.obj)
                0x00000000080080c4                z_sched_wait
 .text.slice_timeout
                0x00000000080080e8       0x20 zephyr/kernel/libkernel.a(timeslicing.c.obj)
 .text.thread_is_sliceable
                0x0000000008008108       0x3c zephyr/kernel/libkernel.a(timeslicing.c.obj)
                0x0000000008008108                thread_is_sliceable
 .text.z_reset_time_slice
                0x0000000008008144       0x50 zephyr/kernel/libkernel.a(timeslicing.c.obj)
                0x0000000008008144                z_reset_time_slice
 .text.z_time_slice
                0x0000000008008194       0x5c zephyr/kernel/libkernel.a(timeslicing.c.obj)
                0x0000000008008194                z_time_slice
 .text.first    0x00000000080081f0       0x10 zephyr/kernel/libkernel.a(timeout.c.obj)
 .text.elapsed  0x0000000008008200       0x14 zephyr/kernel/libkernel.a(timeout.c.obj)
 .text.remove_timeout
                0x0000000008008214       0x38 zephyr/kernel/libkernel.a(timeout.c.obj)
 .text.z_add_timeout
                0x000000000800824c      0x120 zephyr/kernel/libkernel.a(timeout.c.obj)
                0x000000000800824c                z_add_timeout
 .text.sys_clock_announce
                0x000000000800836c       0xb4 zephyr/kernel/libkernel.a(timeout.c.obj)
                0x000000000800836c                sys_clock_announce
 .text.sys_clock_tick_get
                0x0000000008008420       0x30 zephyr/kernel/libkernel.a(timeout.c.obj)
                0x0000000008008420                sys_clock_tick_get
 .text.k_event_post_internal
                0x0000000008008450       0x6c zephyr/kernel/libkernel.a(events.c.obj)
 .text.z_sched_usage_start
                0x00000000080084bc       0x18 zephyr/kernel/libkernel.a(usage.c.obj)
                0x00000000080084bc                z_sched_usage_start
 .text.z_sched_usage_stop
                0x00000000080084d4       0x54 zephyr/kernel/libkernel.a(usage.c.obj)
                0x00000000080084d4                z_sched_usage_stop
 .text.k_thread_system_pool_assign
                0x0000000008008528        0xc zephyr/kernel/libkernel.a(mempool.c.obj)
                0x0000000008008528                k_thread_system_pool_assign
 .text.boot_banner
                0x0000000008008534        0xc zephyr/kernel/libkernel.a(banner.c.obj)
                0x0000000008008534                boot_banner
 .text.statics_init
                0x0000000008008540       0x24 zephyr/kernel/libkernel.a(kheap.c.obj)
 .text.k_sys_work_q_init
                0x0000000008008564       0x2c zephyr/kernel/libkernel.a(system_work_q.c.obj)
 .text.asinf    0x0000000008008590       0x68 /home/luke/zephyr-sdk-0.17.4/arm-zephyr-eabi/arm-zephyr-eabi/lib/thumb/v7e-m+fp/hard/libm.a(lib_a-wf_asin.o)
                0x0000000008008590                asinf
 .text.atan2f   0x00000000080085f8        0x4 /home/luke/zephyr-sdk-0.17.4/arm-zephyr-eabi/arm-zephyr-eabi/lib/thumb/v7e-m+fp/hard/libm.a(lib_a-wf_atan2.o)
                0x00000000080085f8                atan2f
 .text.sqrtf    0x00000000080085fc       0x50 /home/luke/zephyr-sdk-0.17.4/arm-zephyr-eabi/arm-zephyr-eabi/lib/thumb/v7e-m+fp/hard/libm.a(lib_a-wf_sqrt.o)
                0x00000000080085fc                sqrtf
 .text.__ieee754_asinf
                0x000000000800864c      0x1fc /home/luke/zephyr-sdk-0.17.4/arm-zephyr-eabi/arm-zephyr-eabi/lib/thumb/v7e-m+fp/hard/libm.a(lib_a-ef_asin.o)
                0x000000000800864c                __ieee754_asinf
 .text.__ieee754_atan2f
                0x0000000008008848      0x150 /home/luke/zephyr-sdk-0.17.4/arm-zephyr-eabi/arm-zephyr-eabi/lib/thumb/v7e-m+fp/hard/libm.a(lib_a-ef_atan2.o)
                0x0000000008008848                __ieee754_atan2f
 .text.__ieee754_sqrtf
                0x0000000008008998        0x8 /home/luke/zephyr-sdk-0.17.4/arm-zephyr-eabi/arm-zephyr-eabi/lib/thumb/v7e-m+fp/hard/libm.a(lib_a-ef_sqrt.o)
                0x0000000008008998                __ieee754_sqrtf
 .text.atanf    0x00000000080089a0      0x1ac /home/luke/zephyr-sdk-0.17.4/arm-zephyr-eabi/arm-zephyr-eabi/lib/thumb/v7e-m+fp/hard/libm.a(lib_a-sf_atan.o)
                0x00000000080089a0                atanf
 .text.fabsf    0x0000000008008b4c       0x10 /home/luke/zephyr-sdk-0.17.4/arm-zephyr-eabi/arm-zephyr-eabi/lib/thumb/v7e-m+fp/hard/libm.a(lib_a-sf_fabs.o)
                0x0000000008008b4c                fabsf
 .text.nanf     0x0000000008008b5c        0xc /home/luke/zephyr-sdk-0.17.4/arm-zephyr-eabi/arm-zephyr-eabi/lib/thumb/v7e-m+fp/hard/libm.a(lib_a-sf_nan.o)
                0x0000000008008b5c                nanf
 .text.atoi     0x0000000008008b68        0x8 /home/luke/zephyr-sdk-0.17.4/arm-zephyr-eabi/arm-zephyr-eabi/lib/thumb/v7e-m+fp/hard/libc.a(lib_a-atoi.o)
                0x0000000008008b68                atoi
 .text.memcmp   0x0000000008008b70       0x60 /home/luke/zephyr-sdk-0.17.4/arm-zephyr-eabi/arm-zephyr-eabi/lib/thumb/v7e-m+fp/hard/libc.a(lib_a-memcmp.o)
                0x0000000008008b70                memcmp
 .text.memset   0x0000000008008bd0       0xa4 /home/luke/zephyr-sdk-0.17.4/arm-zephyr-eabi/arm-zephyr-eabi/lib/thumb/v7e-m+fp/hard/libc.a(lib_a-memset.o)
                0x0000000008008bd0                memset
 .text.strncmp  0x0000000008008c74       0x84 /home/luke/zephyr-sdk-0.17.4/arm-zephyr-eabi/arm-zephyr-eabi/lib/thumb/v7e-m+fp/hard/libc.a(lib_a-strncmp.o)
                0x0000000008008c74                strncmp
 .text.strnlen  0x0000000008008cf8       0x24 /home/luke/zephyr-sdk-0.17.4/arm-zephyr-eabi/arm-zephyr-eabi/lib/thumb/v7e-m+fp/hard/libc.a(lib_a-strnlen.o)
                0x0000000008008cf8                strnlen
 .text._strtol_l.constprop.0
                0x0000000008008d1c      0x138 /home/luke/zephyr-sdk-0.17.4/arm-zephyr-eabi/arm-zephyr-eabi/lib/thumb/v7e-m+fp/hard/libc.a(lib_a-strtol.o)
 .text.strtol   0x0000000008008e54       0x1c /home/luke/zephyr-sdk-0.17.4/arm-zephyr-eabi/arm-zephyr-eabi/lib/thumb/v7e-m+fp/hard/libc.a(lib_a-strtol.o)
                0x0000000008008e54                strtol
 .text._OffsetAbsSyms
                0x0000000008008e70        0x2 zephyr/CMakeFiles/offsets.dir/./arch/arm/core/offsets/offsets.c.obj
                0x0000000008008e70                _OffsetAbsSyms
 .text.k_mutex_lock.constprop.0.isra.0
                0x0000000008008e72        0x4 app/libapp.a(data_handler.c.obj)
 .text.k_mutex_unlock.isra.0
                0x0000000008008e76        0x4 app/libapp.a(data_handler.c.obj)
 .text.sensor_sample_fetch
                0x0000000008008e7a        0x8 app/libapp.a(mpu6050_wrapper.c.obj)
 .text.z_log_msg_runtime_create.constprop.0
                0x0000000008008e82       0x20 app/libapp.a(mpu6050_wrapper.c.obj)
 .text.sensor_channel_get.isra.0
                0x0000000008008ea2        0x6 app/libapp.a(mpu6050_wrapper.c.obj)
 .text.sensor_channel_get.isra.0
                0x0000000008008ea8        0x6 app/libapp.a(hmc5883l.c.obj)
 .text.chunk_size
                0x0000000008008eae        0xa zephyr/libzephyr.a(heap.c.obj)
 .text.free_list_add
                0x0000000008008eb8       0x4e zephyr/libzephyr.a(heap.c.obj)
 .text.sys_heap_init
                0x0000000008008f06       0x7a zephyr/libzephyr.a(heap.c.obj)
                0x0000000008008f06                sys_heap_init
 .text.cbpprintf_external
                0x0000000008008f80       0x62 zephyr/libzephyr.a(cbprintf_packaged.c.obj)
                0x0000000008008f80                cbpprintf_external
 .text.arch_printk_char_out
                0x0000000008008fe2        0x4 zephyr/libzephyr.a(printk.c.obj)
                0x0000000008008fe2                arch_printk_char_out
 .text.printk   0x0000000008008fe6       0x1a zephyr/libzephyr.a(printk.c.obj)
                0x0000000008008fe6                printk
 .text.z_thread_entry
                0x0000000008009000       0x14 zephyr/libzephyr.a(thread_entry.c.obj)
                0x0000000008009000                z_thread_entry
 .text._ldiv5   0x0000000008009014       0x30 zephyr/libzephyr.a(cbprintf_complete.c.obj)
 .text._get_digit
                0x0000000008009044       0x2e zephyr/libzephyr.a(cbprintf_complete.c.obj)
 .text.outs     0x0000000008009072       0x2e zephyr/libzephyr.a(cbprintf_complete.c.obj)
 .text.ring_buf_area_claim
                0x00000000080090a0       0x30 zephyr/libzephyr.a(ring_buffer.c.obj)
                0x00000000080090a0                ring_buf_area_claim
 .text.ring_buf_put_claim
                0x00000000080090d0       0x1e zephyr/libzephyr.a(ring_buffer.c.obj)
 .text.ring_buf_get_claim
                0x00000000080090ee       0x1e zephyr/libzephyr.a(ring_buffer.c.obj)
 .text.ring_buf_area_finish
                0x000000000800910c       0x32 zephyr/libzephyr.a(ring_buffer.c.obj)
                0x000000000800910c                ring_buf_area_finish
 .text.ring_buf_put
                0x000000000800913e       0x40 zephyr/libzephyr.a(ring_buffer.c.obj)
                0x000000000800913e                ring_buf_put
 .text.ring_buf_get
                0x000000000800917e       0x44 zephyr/libzephyr.a(ring_buffer.c.obj)
                0x000000000800917e                ring_buf_get
 .text._ConfigAbsSyms
                0x00000000080091c2        0x2 zephyr/libzephyr.a(configs.c.obj)
                0x00000000080091c2                _ConfigAbsSyms
 .text.dummy_timestamp
                0x00000000080091c4        0x4 zephyr/libzephyr.a(log_core.c.obj)
 .text.default_lf_get_timestamp
                0x00000000080091c8       0x10 zephyr/libzephyr.a(log_core.c.obj)
 .text.atomic_inc
                0x00000000080091d8       0x1a zephyr/libzephyr.a(log_core.c.obj)
 .text.enable_logger
                0x00000000080091f2        0xe zephyr/libzephyr.a(log_core.c.obj)
 .text.z_log_vprintk
                0x0000000008009200       0x1c zephyr/libzephyr.a(log_core.c.obj)
                0x0000000008009200                z_log_vprintk
 .text.z_log_notify_backend_enabled
                0x000000000800921c        0x2 zephyr/libzephyr.a(log_core.c.obj)
                0x000000000800921c                z_log_notify_backend_enabled
 .text.z_log_get_tag
                0x000000000800921e        0x4 zephyr/libzephyr.a(log_core.c.obj)
                0x000000000800921e                z_log_get_tag
 .text.log_backend_enable
                0x0000000008009222       0x12 zephyr/libzephyr.a(log_mgmt.c.obj)
                0x0000000008009222                log_backend_enable
 .text.z_log_msg_finalize
                0x0000000008009234       0x32 zephyr/libzephyr.a(log_msg.c.obj)
                0x0000000008009234                z_log_msg_finalize
 .text.z_log_msg_runtime_create.constprop.0
                0x0000000008009266       0x20 zephyr/libzephyr.a(log_msg.c.obj)
 .text.log_output_write
                0x0000000008009286       0x1c zephyr/libzephyr.a(log_output.c.obj)
 .text.out_func
                0x00000000080092a2       0x1c zephyr/libzephyr.a(log_output.c.obj)
 .text.cr_out_func
                0x00000000080092be       0x1c zephyr/libzephyr.a(log_output.c.obj)
 .text.cbvprintf
                0x00000000080092da        0xe zephyr/libzephyr.a(log_output.c.obj)
 .text.log_output_msg_process
                0x00000000080092e8       0x6a zephyr/libzephyr.a(log_output.c.obj)
                0x00000000080092e8                log_output_msg_process
 .text.format_set
                0x0000000008009352        0xc zephyr/libzephyr.a(log_backend_uart.c.obj)
 .text.log_backend_uart_init
                0x000000000800935e        0xc zephyr/libzephyr.a(log_backend_uart.c.obj)
 .text.panic    0x000000000800936a       0x32 zephyr/libzephyr.a(log_backend_uart.c.obj)
 .text.process  0x000000000800939c       0x1e zephyr/libzephyr.a(log_backend_uart.c.obj)
 .text.arch_early_memset
                0x00000000080093ba        0x4 zephyr/arch/common/libarch__common.a(init.c.obj)
                0x00000000080093ba                arch_early_memset
 .text.arch_early_memcpy
                0x00000000080093be        0x4 zephyr/arch/common/libarch__common.a(init.c.obj)
                0x00000000080093be                arch_early_memcpy
 .text.z_log_msg_runtime_create.constprop.0
                0x00000000080093c2       0x20 zephyr/arch/arch/arm/core/libarch__arm__core.a(fatal.c.obj)
 .text.z_do_kernel_oops
                0x00000000080093e2        0x8 zephyr/arch/arch/arm/core/libarch__arm__core.a(fatal.c.obj)
                0x00000000080093e2                z_do_kernel_oops
 .text.z_arm_nmi
                0x00000000080093ea        0xe zephyr/arch/arch/arm/core/libarch__arm__core.a(nmi.c.obj)
                0x00000000080093ea                z_arm_nmi
 .text.z_log_msg_runtime_create.constprop.0
                0x00000000080093f8       0x20 zephyr/arch/arch/arm/core/cortex_m/libarch__arm__core__cortex_m.a(fault.c.obj)
 .text.z_irq_spurious
                0x0000000008009418        0x8 zephyr/arch/arch/arm/core/cortex_m/libarch__arm__core__cortex_m.a(irq_manage.c.obj)
                0x0000000008009418                z_irq_spurious
 .text.arch_coprocessors_disable
                0x0000000008009420        0x4 zephyr/arch/arch/arm/core/cortex_m/libarch__arm__core__cortex_m.a(thread.c.obj)
                0x0000000008009420                arch_coprocessors_disable
 .text.arch_irq_unlock_outlined
                0x0000000008009424        0xe zephyr/arch/arch/arm/core/cortex_m/libarch__arm__core__cortex_m.a(thread.c.obj)
                0x0000000008009424                arch_irq_unlock_outlined
 .text.arch_cpu_idle
                0x0000000008009432       0x1a zephyr/arch/arch/arm/core/cortex_m/libarch__arm__core__cortex_m.a(cpu_idle.c.obj)
                0x0000000008009432                arch_cpu_idle
 .text.size_to_mpu_rasr_size
                0x000000000800944c       0x20 zephyr/arch/arch/arm/core/mpu/libarch__arm__core__mpu.a(arm_mpu.c.obj)
 .text.z_log_msg_runtime_create.constprop.0
                0x000000000800946c       0x20 zephyr/arch/arch/arm/core/mpu/libarch__arm__core__mpu.a(arm_mpu.c.obj)
 .text.malloc_prepare
                0x000000000800948c        0x4 zephyr/lib/libc/newlib/liblib__libc__newlib.a(libc-hooks.c.obj)
 .text._stdout_hook_default
                0x0000000008009490        0x6 zephyr/lib/libc/newlib/liblib__libc__newlib.a(libc-hooks.c.obj)
 .text.__errno  0x0000000008009496        0x4 zephyr/lib/libc/newlib/liblib__libc__newlib.a(libc-hooks.c.obj)
                0x0000000008009496                __errno
 .text.z_log_msg_runtime_create.constprop.0
                0x000000000800949a       0x1e zephyr/subsys/modem/libsubsys__modem.a(modem_chat.c.obj)
 .text.modem_chat_script_abort_handler
                0x00000000080094b8       0x10 zephyr/subsys/modem/libsubsys__modem.a(modem_chat.c.obj)
 .text.modem_chat_script_timeout_handler
                0x00000000080094c8        0x8 zephyr/subsys/modem/libsubsys__modem.a(modem_chat.c.obj)
 .text.modem_chat_script_chat_schedule_send_timeout
                0x00000000080094d0       0x1a zephyr/subsys/modem/libsubsys__modem.a(modem_chat.c.obj)
 .text.modem_chat_script_next
                0x00000000080094ea       0x56 zephyr/subsys/modem/libsubsys__modem.a(modem_chat.c.obj)
 .text.modem_chat_script_send_timeout_handler
                0x0000000008009540       0x10 zephyr/subsys/modem/libsubsys__modem.a(modem_chat.c.obj)
 .text.modem_chat_on_command_received
                0x0000000008009550       0x6e zephyr/subsys/modem/libsubsys__modem.a(modem_chat.c.obj)
 .text.modem_chat_script_run_handler
                0x00000000080095be       0x42 zephyr/subsys/modem/libsubsys__modem.a(modem_chat.c.obj)
 .text.modem_chat_script_send_handler
                0x0000000008009600       0x7e zephyr/subsys/modem/libsubsys__modem.a(modem_chat.c.obj)
 .text.modem_chat_pipe_callback
                0x000000000800967e       0x18 zephyr/subsys/modem/libsubsys__modem.a(modem_chat.c.obj)
 .text.modem_chat_run_script
                0x0000000008009696       0x30 zephyr/subsys/modem/libsubsys__modem.a(modem_chat.c.obj)
                0x0000000008009696                modem_chat_run_script
 .text.pipe_call_callback
                0x00000000080096c6       0x22 zephyr/subsys/modem/libsubsys__modem.a(modem_pipe.c.obj)
 .text.k_event_test
                0x00000000080096e8       0x14 zephyr/subsys/modem/libsubsys__modem.a(modem_pipe.c.obj)
 .text.modem_pipe_init
                0x00000000080096fc       0x10 zephyr/subsys/modem/libsubsys__modem.a(modem_pipe.c.obj)
                0x00000000080096fc                modem_pipe_init
 .text.modem_pipe_open
                0x000000000800970c       0x46 zephyr/subsys/modem/libsubsys__modem.a(modem_pipe.c.obj)
                0x000000000800970c                modem_pipe_open
 .text.modem_pipe_attach
                0x0000000008009752       0x4a zephyr/subsys/modem/libsubsys__modem.a(modem_pipe.c.obj)
                0x0000000008009752                modem_pipe_attach
 .text.modem_pipe_transmit
                0x000000000800979c       0x34 zephyr/subsys/modem/libsubsys__modem.a(modem_pipe.c.obj)
                0x000000000800979c                modem_pipe_transmit
 .text.modem_pipe_receive
                0x00000000080097d0       0x34 zephyr/subsys/modem/libsubsys__modem.a(modem_pipe.c.obj)
                0x00000000080097d0                modem_pipe_receive
 .text.modem_pipe_close
                0x0000000008009804       0x46 zephyr/subsys/modem/libsubsys__modem.a(modem_pipe.c.obj)
                0x0000000008009804                modem_pipe_close
 .text.modem_pipe_notify_opened
                0x000000000800984a       0x20 zephyr/subsys/modem/libsubsys__modem.a(modem_pipe.c.obj)
                0x000000000800984a                modem_pipe_notify_opened
 .text.modem_pipe_notify_closed
                0x000000000800986a       0x18 zephyr/subsys/modem/libsubsys__modem.a(modem_pipe.c.obj)
                0x000000000800986a                modem_pipe_notify_closed
 .text.modem_pipe_notify_receive_ready
                0x0000000008009882       0x18 zephyr/subsys/modem/libsubsys__modem.a(modem_pipe.c.obj)
                0x0000000008009882                modem_pipe_notify_receive_ready
 .text.modem_pipe_notify_transmit_idle
                0x000000000800989a       0x18 zephyr/subsys/modem/libsubsys__modem.a(modem_pipe.c.obj)
                0x000000000800989a                modem_pipe_notify_transmit_idle
 .text.modem_backend_uart_transmit_idle_handler
                0x00000000080098b2        0x6 zephyr/subsys/modem/backends/libsubsys__modem__backends.a(modem_backend_uart.c.obj)
 .text.modem_backend_uart_receive_ready_handler
                0x00000000080098b8        0x6 zephyr/subsys/modem/backends/libsubsys__modem__backends.a(modem_backend_uart.c.obj)
 .text.z_impl_uart_irq_tx_enable
                0x00000000080098be        0xa zephyr/subsys/modem/backends/libsubsys__modem__backends.a(modem_backend_uart_isr.c.obj)
 .text.z_impl_uart_irq_rx_enable
                0x00000000080098c8        0xa zephyr/subsys/modem/backends/libsubsys__modem__backends.a(modem_backend_uart_isr.c.obj)
 .text.uart_irq_tx_disable
                0x00000000080098d2        0xa zephyr/subsys/modem/backends/libsubsys__modem__backends.a(modem_backend_uart_isr.c.obj)
 .text.uart_irq_rx_disable
                0x00000000080098dc        0xa zephyr/subsys/modem/backends/libsubsys__modem__backends.a(modem_backend_uart_isr.c.obj)
 .text.modem_backend_uart_isr_receive
                0x00000000080098e6       0x8c zephyr/subsys/modem/backends/libsubsys__modem__backends.a(modem_backend_uart_isr.c.obj)
 .text.gpio_pin_set_dt.isra.0
                0x0000000008009972       0x28 zephyr/subsys/modem/backends/libsubsys__modem__backends.a(modem_backend_uart_isr.c.obj)
 .text.modem_backend_uart_isr_close
                0x000000000800999a       0x26 zephyr/subsys/modem/backends/libsubsys__modem__backends.a(modem_backend_uart_isr.c.obj)
 .text.modem_backend_uart_isr_transmit
                0x00000000080099c0       0x5e zephyr/subsys/modem/backends/libsubsys__modem__backends.a(modem_backend_uart_isr.c.obj)
 .text.modem_backend_uart_isr_open
                0x0000000008009a1e       0x6c zephyr/subsys/modem/backends/libsubsys__modem__backends.a(modem_backend_uart_isr.c.obj)
 .text.z_log_msg_runtime_create.constprop.0
                0x0000000008009a8a       0x20 zephyr/drivers/interrupt_controller/libdrivers__interrupt_controller.a(intc_exti_stm32.c.obj)
 .text.stm32_exti_gpio_intc_init
                0x0000000008009aaa       0x92 zephyr/drivers/interrupt_controller/libdrivers__interrupt_controller.a(intc_gpio_stm32.c.obj)
 .text.stm32_gpio_intc_get_pin_irq_line
                0x0000000008009b3c        0xa zephyr/drivers/interrupt_controller/libdrivers__interrupt_controller.a(intc_gpio_stm32.c.obj)
                0x0000000008009b3c                stm32_gpio_intc_get_pin_irq_line
 .text.stm32_exti_set_line_src_port
                0x0000000008009b46       0x38 zephyr/drivers/interrupt_controller/libdrivers__interrupt_controller.a(intc_gpio_stm32.c.obj)
                0x0000000008009b46                stm32_exti_set_line_src_port
 .text.stm32_clock_control_on
                0x0000000008009b7e       0x44 zephyr/drivers/clock_control/libdrivers__clock_control.a(clock_stm32_ll_common.c.obj)
 .text.stm32_clock_control_off
                0x0000000008009bc2       0x2c zephyr/drivers/clock_control/libdrivers__clock_control.a(clock_stm32_ll_common.c.obj)
 .text.enabled_clock
                0x0000000008009bee       0x1e zephyr/drivers/clock_control/libdrivers__clock_control.a(clock_stm32_ll_common.c.obj)
                0x0000000008009bee                enabled_clock
 .text.stm32_clock_control_configure
                0x0000000008009c0c       0x58 zephyr/drivers/clock_control/libdrivers__clock_control.a(clock_stm32_ll_common.c.obj)
 .text.stm32_clock_control_get_status
                0x0000000008009c64       0x38 zephyr/drivers/clock_control/libdrivers__clock_control.a(clock_stm32_ll_common.c.obj)
 .text.config_regulator_voltage
                0x0000000008009c9c        0x2 zephyr/drivers/clock_control/libdrivers__clock_control.a(clock_stm32_ll_common.c.obj)
                0x0000000008009c9c                config_regulator_voltage
 .text.gnss_system_from_gsv_header_args.isra.0
                0x0000000008009c9e       0x36 zephyr/drivers/gnss/libdrivers__gnss.a(gnss_nmea0183.c.obj)
 .text.gnss_nmea0183_parse_gga
                0x0000000008009cd4       0xc0 zephyr/drivers/gnss/libdrivers__gnss.a(gnss_nmea0183.c.obj)
                0x0000000008009cd4                gnss_nmea0183_parse_gga
 .text.gnss_nmea0183_parse_gsv_header
                0x0000000008009d94       0x6a zephyr/drivers/gnss/libdrivers__gnss.a(gnss_nmea0183.c.obj)
                0x0000000008009d94                gnss_nmea0183_parse_gsv_header
 .text.gnss_nmea0183_parse_gsv_svs
                0x0000000008009dfe      0x15e zephyr/drivers/gnss/libdrivers__gnss.a(gnss_nmea0183.c.obj)
                0x0000000008009dfe                gnss_nmea0183_parse_gsv_svs
 .text.gnss_nmea0183_match_publish
                0x0000000008009f5c       0x18 zephyr/drivers/gnss/libdrivers__gnss.a(gnss_nmea0183_match.c.obj)
 .text.gnss_nmea0183_match_gga_callback
                0x0000000008009f74       0x3a zephyr/drivers/gnss/libdrivers__gnss.a(gnss_nmea0183_match.c.obj)
                0x0000000008009f74                gnss_nmea0183_match_gga_callback
 .text.gnss_nmea0183_match_rmc_callback
                0x0000000008009fae       0x3a zephyr/drivers/gnss/libdrivers__gnss.a(gnss_nmea0183_match.c.obj)
                0x0000000008009fae                gnss_nmea0183_match_rmc_callback
 .text.gnss_nmea0183_match_gsv_callback
                0x0000000008009fe8       0x7a zephyr/drivers/gnss/libdrivers__gnss.a(gnss_nmea0183_match.c.obj)
                0x0000000008009fe8                gnss_nmea0183_match_gsv_callback
 .text.gnss_nmea0183_match_init
                0x000000000800a062       0x20 zephyr/drivers/gnss/libdrivers__gnss.a(gnss_nmea0183_match.c.obj)
                0x000000000800a062                gnss_nmea0183_match_init
 .text.gnss_parse_atoi
                0x000000000800a082       0x20 zephyr/drivers/gnss/libdrivers__gnss.a(gnss_parse.c.obj)
                0x000000000800a082                gnss_parse_atoi
 .text.gpio_stm32_port_get_raw
                0x000000000800a0a2        0xc zephyr/drivers/gpio/libdrivers__gpio.a(gpio_stm32.c.obj)
 .text.gpio_stm32_port_set_masked_raw
                0x000000000800a0ae       0x12 zephyr/drivers/gpio/libdrivers__gpio.a(gpio_stm32.c.obj)
 .text.gpio_stm32_port_set_bits_raw
                0x000000000800a0c0        0xa zephyr/drivers/gpio/libdrivers__gpio.a(gpio_stm32.c.obj)
 .text.gpio_stm32_port_clear_bits_raw
                0x000000000800a0ca        0xa zephyr/drivers/gpio/libdrivers__gpio.a(gpio_stm32.c.obj)
 .text.gpio_stm32_port_toggle_bits
                0x000000000800a0d4        0xe zephyr/drivers/gpio/libdrivers__gpio.a(gpio_stm32.c.obj)
 .text.gpio_stm32_manage_callback
                0x000000000800a0e2       0x52 zephyr/drivers/gpio/libdrivers__gpio.a(gpio_stm32.c.obj)
 .text.gpio_stm32_configure_raw.isra.0
                0x000000000800a134      0x106 zephyr/drivers/gpio/libdrivers__gpio.a(gpio_stm32.c.obj)
 .text.gpio_stm32_config
                0x000000000800a23a       0xd4 zephyr/drivers/gpio/libdrivers__gpio.a(gpio_stm32.c.obj)
 .text.gpio_stm32_isr
                0x000000000800a30e       0x2c zephyr/drivers/gpio/libdrivers__gpio.a(gpio_stm32.c.obj)
 .text.gpio_stm32_configure
                0x000000000800a33a       0x2a zephyr/drivers/gpio/libdrivers__gpio.a(gpio_stm32.c.obj)
                0x000000000800a33a                gpio_stm32_configure
 .text.i2c_stm32_irq_config_func_0
                0x000000000800a364       0x26 zephyr/drivers/i2c/libdrivers__i2c.a(i2c_stm32.c.obj)
 .text.z_log_msg_runtime_create.constprop.0
                0x000000000800a38a       0x20 zephyr/drivers/i2c/libdrivers__i2c.a(i2c_stm32.c.obj)
 .text.i2c_stm32_transfer
                0x000000000800a3aa       0x8e zephyr/drivers/i2c/libdrivers__i2c.a(i2c_stm32.c.obj)
 .text.z_log_msg_runtime_create.constprop.0
                0x000000000800a438       0x20 zephyr/drivers/i2c/libdrivers__i2c.a(i2c_stm32_common.c.obj)
 .text.i2c_stm32_event_isr
                0x000000000800a458        0x4 zephyr/drivers/i2c/libdrivers__i2c.a(i2c_stm32_common.c.obj)
                0x000000000800a458                i2c_stm32_event_isr
 .text.i2c_stm32_error_isr
                0x000000000800a45c        0x4 zephyr/drivers/i2c/libdrivers__i2c.a(i2c_stm32_common.c.obj)
                0x000000000800a45c                i2c_stm32_error_isr
 .text.i2c_stm32_disable_transfer_interrupts
                0x000000000800a460       0x3e zephyr/drivers/i2c/libdrivers__i2c.a(i2c_stm32_v2.c.obj)
 .text.z_log_msg_runtime_create.constprop.0
                0x000000000800a49e       0x20 zephyr/drivers/i2c/libdrivers__i2c.a(i2c_stm32_v2.c.obj)
 .text.i2c_stm32_event
                0x000000000800a4be       0x9e zephyr/drivers/i2c/libdrivers__i2c.a(i2c_stm32_v2.c.obj)
                0x000000000800a4be                i2c_stm32_event
 .text.i2c_stm32_error
                0x000000000800a55c       0x44 zephyr/drivers/i2c/libdrivers__i2c.a(i2c_stm32_v2.c.obj)
                0x000000000800a55c                i2c_stm32_error
 .text.i2c_stm32_transaction
                0x000000000800a5a0      0x106 zephyr/drivers/i2c/libdrivers__i2c.a(i2c_stm32_v2.c.obj)
                0x000000000800a5a0                i2c_stm32_transaction
 .text.pinctrl_lookup_state
                0x000000000800a6a6       0x26 zephyr/drivers/pinctrl/libdrivers__pinctrl.a(common.c.obj)
                0x000000000800a6a6                pinctrl_lookup_state
 .text.reset_stm32_status
                0x000000000800a6cc       0x20 zephyr/drivers/reset/libdrivers__reset.a(reset_stm32.c.obj)
 .text.reset_stm32_line_assert
                0x000000000800a6ec       0x1c zephyr/drivers/reset/libdrivers__reset.a(reset_stm32.c.obj)
 .text.reset_stm32_line_deassert
                0x000000000800a708       0x1e zephyr/drivers/reset/libdrivers__reset.a(reset_stm32.c.obj)
 .text.reset_stm32_line_toggle
                0x000000000800a726       0x16 zephyr/drivers/reset/libdrivers__reset.a(reset_stm32.c.obj)
 .text.z_log_msg_runtime_create.constprop.0
                0x000000000800a73c       0x20 zephyr/drivers/sensor/honeywell/hmc5883l/libdrivers__sensor__honeywell__hmc5883l.a(hmc5883l.c.obj)
 .text.i2c_burst_read_dt
                0x000000000800a75c       0x44 zephyr/drivers/sensor/honeywell/hmc5883l/libdrivers__sensor__honeywell__hmc5883l.a(hmc5883l.c.obj)
 .text.z_log_msg_runtime_create.constprop.0
                0x000000000800a7a0       0x20 zephyr/drivers/sensor/tdk/mpu6050/libdrivers__sensor__tdk__mpu6050.a(mpu6050.c.obj)
 .text.i2c_write_read.constprop.0
                0x000000000800a7c0       0x38 zephyr/drivers/sensor/tdk/mpu6050/libdrivers__sensor__tdk__mpu6050.a(mpu6050.c.obj)
 .text.i2c_reg_write_byte_dt
                0x000000000800a7f8       0x36 zephyr/drivers/sensor/tdk/mpu6050/libdrivers__sensor__tdk__mpu6050.a(mpu6050.c.obj)
 .text.uart_stm32_ll2cfg_databits
                0x000000000800a82e       0x2a zephyr/drivers/serial/libdrivers__serial.a(uart_stm32.c.obj)
 .text.uart_stm32_err_check
                0x000000000800a858       0x5a zephyr/drivers/serial/libdrivers__serial.a(uart_stm32.c.obj)
 .text.uart_stm32_irq_tx_enable
                0x000000000800a8b2       0x16 zephyr/drivers/serial/libdrivers__serial.a(uart_stm32.c.obj)
 .text.uart_stm32_irq_tx_disable
                0x000000000800a8c8       0x16 zephyr/drivers/serial/libdrivers__serial.a(uart_stm32.c.obj)
 .text.uart_stm32_irq_rx_enable
                0x000000000800a8de       0x16 zephyr/drivers/serial/libdrivers__serial.a(uart_stm32.c.obj)
 .text.uart_stm32_irq_rx_disable
                0x000000000800a8f4       0x16 zephyr/drivers/serial/libdrivers__serial.a(uart_stm32.c.obj)
 .text.uart_stm32_irq_rx_ready
                0x000000000800a90a        0xc zephyr/drivers/serial/libdrivers__serial.a(uart_stm32.c.obj)
 .text.uart_stm32_irq_update
                0x000000000800a916        0x4 zephyr/drivers/serial/libdrivers__serial.a(uart_stm32.c.obj)
 .text.uart_stm32_irq_callback_set
                0x000000000800a91a        0x8 zephyr/drivers/serial/libdrivers__serial.a(uart_stm32.c.obj)
 .text.uart_stm32_isr
                0x000000000800a922        0xc zephyr/drivers/serial/libdrivers__serial.a(uart_stm32.c.obj)
 .text.uart_stm32_irq_config_func_0
                0x000000000800a92e       0x16 zephyr/drivers/serial/libdrivers__serial.a(uart_stm32.c.obj)
 .text.uart_stm32_irq_config_func_1
                0x000000000800a944       0x16 zephyr/drivers/serial/libdrivers__serial.a(uart_stm32.c.obj)
 .text.z_log_msg_runtime_create.constprop.0
                0x000000000800a95a       0x20 zephyr/drivers/serial/libdrivers__serial.a(uart_stm32.c.obj)
 .text.uart_stm32_irq_tx_complete
                0x000000000800a97a        0xc zephyr/drivers/serial/libdrivers__serial.a(uart_stm32.c.obj)
 .text.uart_stm32_irq_tx_ready
                0x000000000800a986       0x14 zephyr/drivers/serial/libdrivers__serial.a(uart_stm32.c.obj)
 .text.uart_stm32_config_get
                0x000000000800a99a       0x92 zephyr/drivers/serial/libdrivers__serial.a(uart_stm32.c.obj)
 .text.uart_stm32_fifo_fill
                0x000000000800aa2c       0x58 zephyr/drivers/serial/libdrivers__serial.a(uart_stm32.c.obj)
 .text.uart_stm32_poll_out
                0x000000000800aa84       0x36 zephyr/drivers/serial/libdrivers__serial.a(uart_stm32.c.obj)
 .text.uart_stm32_irq_is_pending
                0x000000000800aaba       0x24 zephyr/drivers/serial/libdrivers__serial.a(uart_stm32.c.obj)
 .text.uart_stm32_fifo_read
                0x000000000800aade       0x44 zephyr/drivers/serial/libdrivers__serial.a(uart_stm32.c.obj)
 .text.uart_stm32_poll_in
                0x000000000800ab22       0x20 zephyr/drivers/serial/libdrivers__serial.a(uart_stm32.c.obj)
 .text.do_device_init
                0x000000000800ab42       0x30 zephyr/kernel/libkernel.a(device.c.obj)
                0x000000000800ab42                do_device_init
 .text.z_impl_device_is_ready
                0x000000000800ab72       0x16 zephyr/kernel/libkernel.a(device.c.obj)
                0x000000000800ab72                z_impl_device_is_ready
 .text.z_log_msg_runtime_create.constprop.0
                0x000000000800ab88       0x20 zephyr/kernel/libkernel.a(fatal.c.obj)
 .text.arch_system_halt
                0x000000000800aba8       0x10 zephyr/kernel/libkernel.a(fatal.c.obj)
                0x000000000800aba8                arch_system_halt
 .text.create_free_list
                0x000000000800abb8       0x34 zephyr/kernel/libkernel.a(mem_slab.c.obj)
 .text.idle     0x000000000800abec       0x16 zephyr/kernel/libkernel.a(idle.c.obj)
                0x000000000800abec                idle
 .text.unpend_thread_no_timeout
                0x000000000800ac02       0x1a zephyr/kernel/libkernel.a(msg_q.c.obj)
 .text.z_impl_k_msgq_put
                0x000000000800ac1c        0xe zephyr/kernel/libkernel.a(msg_q.c.obj)
                0x000000000800ac1c                z_impl_k_msgq_put
 .text.adjust_owner_prio.isra.0
                0x000000000800ac2a       0x10 zephyr/kernel/libkernel.a(mutex.c.obj)
 .text.z_impl_k_mutex_init
                0x000000000800ac3a        0xe zephyr/kernel/libkernel.a(mutex.c.obj)
                0x000000000800ac3a                z_impl_k_mutex_init
 .text.z_impl_k_sem_init
                0x000000000800ac48       0x20 zephyr/kernel/libkernel.a(sem.c.obj)
                0x000000000800ac48                z_impl_k_sem_init
 .text.flag_test_and_clear
                0x000000000800ac68       0x16 zephyr/kernel/libkernel.a(work.c.obj)
 .text.unschedule_locked
                0x000000000800ac7e       0x1e zephyr/kernel/libkernel.a(work.c.obj)
 .text.notify_queue_locked.isra.0
                0x000000000800ac9c        0xe zephyr/kernel/libkernel.a(work.c.obj)
 .text.cancel_async_locked
                0x000000000800acaa       0x66 zephyr/kernel/libkernel.a(work.c.obj)
 .text.work_timeout
                0x000000000800ad10       0x3c zephyr/kernel/libkernel.a(work.c.obj)
 .text.k_work_init
                0x000000000800ad4c       0x12 zephyr/kernel/libkernel.a(work.c.obj)
                0x000000000800ad4c                k_work_init
 .text.z_work_submit_to_queue
                0x000000000800ad5e       0x26 zephyr/kernel/libkernel.a(work.c.obj)
                0x000000000800ad5e                z_work_submit_to_queue
 .text.k_work_submit_to_queue
                0x000000000800ad84       0x20 zephyr/kernel/libkernel.a(work.c.obj)
                0x000000000800ad84                k_work_submit_to_queue
 .text.k_work_cancel
                0x000000000800ada4       0x1e zephyr/kernel/libkernel.a(work.c.obj)
                0x000000000800ada4                k_work_cancel
 .text.k_work_init_delayable
                0x000000000800adc2       0x18 zephyr/kernel/libkernel.a(work.c.obj)
                0x000000000800adc2                k_work_init_delayable
 .text.k_work_cancel_delayable
                0x000000000800adda       0x26 zephyr/kernel/libkernel.a(work.c.obj)
                0x000000000800adda                k_work_cancel_delayable
 .text.z_impl_k_condvar_init
                0x000000000800ae00        0x8 zephyr/kernel/libkernel.a(condvar.c.obj)
                0x000000000800ae00                z_impl_k_condvar_init
 .text.k_is_in_isr
                0x000000000800ae08        0xc zephyr/kernel/libkernel.a(thread.c.obj)
                0x000000000800ae08                k_is_in_isr
 .text.z_impl_k_thread_name_set
                0x000000000800ae14        0x6 zephyr/kernel/libkernel.a(thread.c.obj)
                0x000000000800ae14                z_impl_k_thread_name_set
 .text.k_thread_name_get
                0x000000000800ae1a        0x4 zephyr/kernel/libkernel.a(thread.c.obj)
                0x000000000800ae1a                k_thread_name_get
 .text.z_thread_mark_switched_out
                0x000000000800ae1e        0x4 zephyr/kernel/libkernel.a(thread.c.obj)
                0x000000000800ae1e                z_thread_mark_switched_out
 .text.sys_dlist_remove
                0x000000000800ae22       0x10 zephyr/kernel/libkernel.a(sched.c.obj)
 .text.unpend_thread_no_timeout
                0x000000000800ae32       0x14 zephyr/kernel/libkernel.a(sched.c.obj)
 .text.add_to_waitq_locked
                0x000000000800ae46       0x50 zephyr/kernel/libkernel.a(sched.c.obj)
 .text.z_ready_thread
                0x000000000800ae96       0x1e zephyr/kernel/libkernel.a(sched.c.obj)
                0x000000000800ae96                z_ready_thread
 .text.z_unpend_thread_no_timeout
                0x000000000800aeb4       0x22 zephyr/kernel/libkernel.a(sched.c.obj)
                0x000000000800aeb4                z_unpend_thread_no_timeout
 .text.z_sched_wake_thread
                0x000000000800aed6       0x46 zephyr/kernel/libkernel.a(sched.c.obj)
                0x000000000800aed6                z_sched_wake_thread
 .text.z_thread_timeout
                0x000000000800af1c        0x8 zephyr/kernel/libkernel.a(sched.c.obj)
                0x000000000800af1c                z_thread_timeout
 .text.z_unpend_thread
                0x000000000800af24       0x10 zephyr/kernel/libkernel.a(sched.c.obj)
                0x000000000800af24                z_unpend_thread
 .text.z_impl_k_sleep
                0x000000000800af34       0x3e zephyr/kernel/libkernel.a(sched.c.obj)
                0x000000000800af34                z_impl_k_sleep
 .text.z_sched_wake
                0x000000000800af72       0x46 zephyr/kernel/libkernel.a(sched.c.obj)
                0x000000000800af72                z_sched_wake
 .text.z_sched_waitq_walk
                0x000000000800afb8       0x44 zephyr/kernel/libkernel.a(sched.c.obj)
                0x000000000800afb8                z_sched_waitq_walk
 .text.next_timeout
                0x000000000800affc       0x2e zephyr/kernel/libkernel.a(timeout.c.obj)
 .text.z_abort_timeout
                0x000000000800b02a       0x50 zephyr/kernel/libkernel.a(timeout.c.obj)
                0x000000000800b02a                z_abort_timeout
 .text.sys_clock_tick_get_32
                0x000000000800b07a        0x8 zephyr/kernel/libkernel.a(timeout.c.obj)
                0x000000000800b07a                sys_clock_tick_get_32
 .text.z_impl_k_uptime_ticks
                0x000000000800b082        0x4 zephyr/kernel/libkernel.a(timeout.c.obj)
                0x000000000800b082                z_impl_k_uptime_ticks
 .text.signal_poll_event
                0x000000000800b086       0x86 zephyr/kernel/libkernel.a(poll.c.obj)
 .text.z_handle_obj_poll_events
                0x000000000800b10c       0x3e zephyr/kernel/libkernel.a(poll.c.obj)
                0x000000000800b10c                z_handle_obj_poll_events
 .text.k_event_wait_internal
                0x000000000800b14a       0x86 zephyr/kernel/libkernel.a(events.c.obj)
 .text.event_walk_op
                0x000000000800b1d0       0x3c zephyr/kernel/libkernel.a(events.c.obj)
 .text.z_impl_k_event_init
                0x000000000800b20c        0xa zephyr/kernel/libkernel.a(events.c.obj)
                0x000000000800b20c                z_impl_k_event_init
 .text.z_impl_k_event_post
                0x000000000800b216        0x6 zephyr/kernel/libkernel.a(events.c.obj)
                0x000000000800b216                z_impl_k_event_post
 .text.z_impl_k_event_set
                0x000000000800b21c        0x8 zephyr/kernel/libkernel.a(events.c.obj)
                0x000000000800b21c                z_impl_k_event_set
 .text.z_impl_k_event_clear
                0x000000000800b224        0x8 zephyr/kernel/libkernel.a(events.c.obj)
                0x000000000800b224                z_impl_k_event_clear
 .text.z_impl_k_event_wait
                0x000000000800b22c        0x6 zephyr/kernel/libkernel.a(events.c.obj)
                0x000000000800b22c                z_impl_k_event_wait
 .text.sched_cpu_update_usage
                0x000000000800b232       0x20 zephyr/kernel/libkernel.a(usage.c.obj)
 .text.k_heap_init
                0x000000000800b252       0x12 zephyr/kernel/libkernel.a(kheap.c.obj)
                0x000000000800b252                k_heap_init
 *(SORT_BY_ALIGNMENT(.TEXT.*))
 *(SORT_BY_ALIGNMENT(.gnu.linkonce.t.*))
 *(SORT_BY_ALIGNMENT(.glue_7t))
 .glue_7t       0x000000000800b264        0x0 linker stubs
 *(SORT_BY_ALIGNMENT(.glue_7))
 .glue_7        0x000000000800b264        0x0 linker stubs
 *(SORT_BY_ALIGNMENT(.vfp11_veneer))
 .vfp11_veneer  0x000000000800b264        0x0 linker stubs
 *(SORT_BY_ALIGNMENT(.v4_bx))
 .v4_bx         0x000000000800b264        0x0 linker stubs
                0x000000000800b264                . = ALIGN (0x4)
                0x000000000800b264                __text_region_end = .

.ARM.exidx      0x000000000800b264        0x8
                0x000000000800b264                __exidx_start = .
 *(SORT_BY_ALIGNMENT(.ARM.exidx*) SORT_BY_ALIGNMENT(gnu.linkonce.armexidx.*))
 .ARM.exidx     0x000000000800b264        0x8 /home/luke/zephyr-sdk-0.17.4/arm-zephyr-eabi/bin/../lib/gcc/arm-zephyr-eabi/12.2.0/thumb/v7e-m+fp/hard/libgcc.a(_udivmoddi4.o)
                0x000000000800b26c                __exidx_end = .
                0x000000000800b26c                __rodata_region_start = .

initlevel       0x000000000800b26c       0xd0
                0x000000000800b26c                __init_start = .
                0x000000000800b26c                __init_EARLY_start = .
 *(SORT_BY_NAME(SORT_BY_ALIGNMENT(.z_init_EARLY_P_?_*)))
 *(SORT_BY_NAME(SORT_BY_ALIGNMENT(.z_init_EARLY_P_??_*)))
 *(SORT_BY_NAME(SORT_BY_ALIGNMENT(.z_init_EARLY_P_???_*)))
                0x000000000800b26c                __init_PRE_KERNEL_1_start = .
 *(SORT_BY_NAME(SORT_BY_ALIGNMENT(.z_init_PRE_KERNEL_1_P_?_*)))
 .z_init_PRE_KERNEL_1_P_0_SUB_0_
                0x000000000800b26c        0x8 zephyr/lib/posix/options/liblib__posix__options.a(barrier.c.obj)
 .z_init_PRE_KERNEL_1_P_0_SUB_0_
                0x000000000800b274        0x8 zephyr/lib/posix/options/liblib__posix__options.a(cond.c.obj)
 .z_init_PRE_KERNEL_1_P_0_SUB_0_
                0x000000000800b27c        0x8 zephyr/lib/posix/options/liblib__posix__options.a(mutex.c.obj)
 .z_init_PRE_KERNEL_1_P_0_SUB_0_
                0x000000000800b284        0x8 zephyr/lib/posix/options/liblib__posix__options.a(pthread.c.obj)
 .z_init_PRE_KERNEL_1_P_1_SUB_00009_
                0x000000000800b28c        0x8 zephyr/drivers/clock_control/libdrivers__clock_control.a(clock_stm32_ll_common.c.obj)
 .z_init_PRE_KERNEL_1_P_1_SUB_0_
                0x000000000800b294        0x8 zephyr/libzephyr.a(soc_config.c.obj)
 *(SORT_BY_NAME(SORT_BY_ALIGNMENT(.z_init_PRE_KERNEL_1_P_??_*)))
 .z_init_PRE_KERNEL_1_P_30_SUB_0_
                0x000000000800b29c        0x8 zephyr/kernel/libkernel.a(mem_slab.c.obj)
 .z_init_PRE_KERNEL_1_P_30_SUB_0_
                0x000000000800b2a4        0x8 zephyr/kernel/libkernel.a(kheap.c.obj)
 .z_init_PRE_KERNEL_1_P_35_SUB_00057_
                0x000000000800b2ac        0x8 zephyr/drivers/reset/libdrivers__reset.a(reset_stm32.c.obj)
 .z_init_PRE_KERNEL_1_P_40_SUB_00034_
                0x000000000800b2b4        0x8 zephyr/drivers/gpio/libdrivers__gpio.a(gpio_stm32.c.obj)
 .z_init_PRE_KERNEL_1_P_40_SUB_00039_
                0x000000000800b2bc        0x8 zephyr/drivers/gpio/libdrivers__gpio.a(gpio_stm32.c.obj)
 .z_init_PRE_KERNEL_1_P_40_SUB_00050_
                0x000000000800b2c4        0x8 zephyr/drivers/interrupt_controller/libdrivers__interrupt_controller.a(intc_exti_stm32.c.obj)
 .z_init_PRE_KERNEL_1_P_40_SUB_00080_
                0x000000000800b2cc        0x8 zephyr/drivers/gpio/libdrivers__gpio.a(gpio_stm32.c.obj)
 .z_init_PRE_KERNEL_1_P_40_SUB_00081_
                0x000000000800b2d4        0x8 zephyr/drivers/gpio/libdrivers__gpio.a(gpio_stm32.c.obj)
 .z_init_PRE_KERNEL_1_P_40_SUB_0_
                0x000000000800b2dc        0x8 zephyr/drivers/interrupt_controller/libdrivers__interrupt_controller.a(intc_gpio_stm32.c.obj)
 .z_init_PRE_KERNEL_1_P_50_SUB_00058_
                0x000000000800b2e4        0x8 zephyr/drivers/serial/libdrivers__serial.a(uart_stm32.c.obj)
 .z_init_PRE_KERNEL_1_P_50_SUB_00092_
                0x000000000800b2ec        0x8 zephyr/drivers/serial/libdrivers__serial.a(uart_stm32.c.obj)
 .z_init_PRE_KERNEL_1_P_60_SUB_0_
                0x000000000800b2f4        0x8 zephyr/drivers/console/libdrivers__console.a(uart_console.c.obj)
 *(SORT_BY_NAME(SORT_BY_ALIGNMENT(.z_init_PRE_KERNEL_1_P_???_*)))
                0x000000000800b2fc                __init_PRE_KERNEL_2_start = .
 *(SORT_BY_NAME(SORT_BY_ALIGNMENT(.z_init_PRE_KERNEL_2_P_?_*)))
 .z_init_PRE_KERNEL_2_P_0_SUB_0_
                0x000000000800b2fc        0x8 zephyr/drivers/timer/libdrivers__timer.a(cortex_m_systick.c.obj)
 *(SORT_BY_NAME(SORT_BY_ALIGNMENT(.z_init_PRE_KERNEL_2_P_??_*)))
 *(SORT_BY_NAME(SORT_BY_ALIGNMENT(.z_init_PRE_KERNEL_2_P_???_*)))
                0x000000000800b304                __init_POST_KERNEL_start = .
 *(SORT_BY_NAME(SORT_BY_ALIGNMENT(.z_init_POST_KERNEL_P_?_*)))
 .z_init_POST_KERNEL_P_0_SUB_0_
                0x000000000800b304        0x8 zephyr/libzephyr.a(log_core.c.obj)
 *(SORT_BY_NAME(SORT_BY_ALIGNMENT(.z_init_POST_KERNEL_P_??_*)))
 .z_init_POST_KERNEL_P_35_SUB_0_
                0x000000000800b30c        0x8 zephyr/lib/libc/newlib/liblib__libc__newlib.a(libc-hooks.c.obj)
 .z_init_POST_KERNEL_P_40_SUB_0_
                0x000000000800b314        0x8 zephyr/kernel/libkernel.a(system_work_q.c.obj)
 .z_init_POST_KERNEL_P_50_SUB_00016_
                0x000000000800b31c        0x8 zephyr/drivers/i2c/libdrivers__i2c.a(i2c_stm32.c.obj)
 .z_init_POST_KERNEL_P_80_SUB_00093_
                0x000000000800b324        0x8 zephyr/drivers/gnss/libdrivers__gnss.a(gnss_nmea_generic.c.obj)
 .z_init_POST_KERNEL_P_90_SUB_00078_
                0x000000000800b32c        0x8 zephyr/drivers/sensor/honeywell/hmc5883l/libdrivers__sensor__honeywell__hmc5883l.a(hmc5883l.c.obj)
 .z_init_POST_KERNEL_P_90_SUB_00079_
                0x000000000800b334        0x8 zephyr/drivers/sensor/tdk/mpu6050/libdrivers__sensor__tdk__mpu6050.a(mpu6050.c.obj)
 *(SORT_BY_NAME(SORT_BY_ALIGNMENT(.z_init_POST_KERNEL_P_???_*)))
                0x000000000800b33c                __init_APPLICATION_start = .
 *(SORT_BY_NAME(SORT_BY_ALIGNMENT(.z_init_APPLICATION_P_?_*)))
 *(SORT_BY_NAME(SORT_BY_ALIGNMENT(.z_init_APPLICATION_P_??_*)))
 *(SORT_BY_NAME(SORT_BY_ALIGNMENT(.z_init_APPLICATION_P_???_*)))
                0x000000000800b33c                __init_SMP_start = .
 *(SORT_BY_NAME(SORT_BY_ALIGNMENT(.z_init_SMP_P_?_*)))
 *(SORT_BY_NAME(SORT_BY_ALIGNMENT(.z_init_SMP_P_??_*)))
 *(SORT_BY_NAME(SORT_BY_ALIGNMENT(.z_init_SMP_P_???_*)))
                0x000000000800b33c                __init_end = .

device_area     0x000000000800b33c      0x16c
                0x000000000800b33c                _device_list_start = .
 *(SORT_BY_NAME(SORT_BY_ALIGNMENT(._device.static.*_?_*)))
 ._device.static.1_1_
                0x000000000800b33c       0x1c zephyr/drivers/clock_control/libdrivers__clock_control.a(clock_stm32_ll_common.c.obj)
                0x000000000800b33c                __device_dts_ord_9
 *(SORT_BY_NAME(SORT_BY_ALIGNMENT(._device.static.*_??_*)))
 ._device.static.1_35_
                0x000000000800b358       0x1c zephyr/drivers/reset/libdrivers__reset.a(reset_stm32.c.obj)
                0x000000000800b358                __device_dts_ord_57
 ._device.static.1_40_
                0x000000000800b374       0x1c zephyr/drivers/interrupt_controller/libdrivers__interrupt_controller.a(intc_exti_stm32.c.obj)
                0x000000000800b374                __device_dts_ord_50
 ._device.static.1_40_
                0x000000000800b390       0x70 zephyr/drivers/gpio/libdrivers__gpio.a(gpio_stm32.c.obj)
                0x000000000800b390                __device_dts_ord_81
                0x000000000800b3ac                __device_dts_ord_80
                0x000000000800b3c8                __device_dts_ord_39
                0x000000000800b3e4                __device_dts_ord_34
 ._device.static.1_50_
                0x000000000800b400       0x38 zephyr/drivers/serial/libdrivers__serial.a(uart_stm32.c.obj)
                0x000000000800b400                __device_dts_ord_58
                0x000000000800b41c                __device_dts_ord_92
 ._device.static.3_50_
                0x000000000800b438       0x1c zephyr/drivers/i2c/libdrivers__i2c.a(i2c_stm32.c.obj)
                0x000000000800b438                __device_dts_ord_16
 ._device.static.3_80_
                0x000000000800b454       0x1c zephyr/drivers/gnss/libdrivers__gnss.a(gnss_nmea_generic.c.obj)